This is pdfTeX, Version 3.141592653-2.6-1.40.22 (TeX Live 2022/dev/Debian) (preloaded format=pdflatex 2026.6.25)  27 JUN 2026 11:02
entering extended mode
 restricted \write18 enabled.
 file:line:error style messages enabled.
 %&-line parsing enabled.
**/home/thanh/test/DATN/DoAn.tex
(/home/thanh/test/DATN/DoAn.tex
LaTeX2e <2021-11-15> patch level 1
L3 programming layer <2022-01-21> (/usr/share/texlive/texmf-dist/tex/latex/base/report.cls
Document Class: report 2021/10/04 v1.4n Standard LaTeX document class
(/usr/share/texlive/texmf-dist/tex/latex/base/size10.clo
File: size10.clo 2021/10/04 v1.4n Standard LaTeX file (size option)
)
\c@part=\count185
\c@chapter=\count186
\c@section=\count187
\c@subsection=\count188
\c@subsubsection=\count189
\c@paragraph=\count190
\c@subparagraph=\count191
\c@figure=\count192
\c@table=\count193
\abovecaptionskip=\skip47
\belowcaptionskip=\skip48
\bibindent=\dimen138
) (/usr/share/texlive/texmf-dist/tex/latex/koma-script/scrextend.sty
Package: scrextend 2021/11/13 v3.35 KOMA-Script package (extend other classes with features of KOMA-Script classes)
 (/usr/share/texlive/texmf-dist/tex/latex/koma-script/scrkbase.sty
Package: scrkbase 2021/11/13 v3.35 KOMA-Script package (KOMA-Script-dependent basics and keyval usage)
 (/usr/share/texlive/texmf-dist/tex/latex/koma-script/scrbase.sty
Package: scrbase 2021/11/13 v3.35 KOMA-Script package (KOMA-Script-independent basics and keyval usage)
 (/usr/share/texlive/texmf-dist/tex/latex/koma-script/scrlfile.sty
Package: scrlfile 2021/11/13 v3.35 KOMA-Script package (file load hooks)
 (/usr/share/texlive/texmf-dist/tex/latex/koma-script/scrlfile-hook.sty
Package: scrlfile-hook 2021/11/13 v3.35 KOMA-Script package (using LaTeX hooks)
 (/usr/share/texlive/texmf-dist/tex/latex/koma-script/scrlogo.sty
Package: scrlogo 2021/11/13 v3.35 KOMA-Script package (logo)
))) (/usr/share/texlive/texmf-dist/tex/latex/graphics/keyval.sty
Package: keyval 2014/10/28 v1.15 key=value parser (DPC)
\KV@toks@=\toks16
)
Applying: [2021/05/01] Usage of raw or classic option list on input line 252.
Already applied: [0000/00/00] Usage of raw or classic option list on input line 368.
))) (/usr/share/texlive/texmf-dist/tex/latex/base/fix-cm.sty
Package: fix-cm 2020/11/24 v1.1t fixes to LaTeX
 (/usr/share/texlive/texmf-dist/tex/latex/base/ts1enc.def
File: ts1enc.def 2001/06/05 v3.0e (jk/car/fm) Standard LaTeX file
LaTeX Font Info:    Redeclaring font encoding TS1 on input line 47.
)) (/usr/share/texlive/texmf-dist/tex/latex/vntex/vietnam.sty
Package: vietnam 2009/07/12 v1.3 support for Vietnamese
 (/usr/share/texlive/texmf-dist/tex/latex/base/ifthen.sty
Package: ifthen 2020/11/24 v1.1c Standard LaTeX ifthen package (DPC)
) (/usr/share/texlive/texmf-dist/tex/latex/base/fontenc.sty
Package: fontenc 2021/04/29 v2.0v Standard LaTeX package
 (/usr/share/texlive/texmf-dist/tex/latex/vntex/t5enc.def
File: t5enc.def 2006/11/21 v1.4 Vietnamese T5 encoding
Now handling font encoding T5 ...
... processing UTF-8 mapping file for font encoding T5
 (/usr/share/texlive/texmf-dist/tex/latex/vntex/t5enc.dfu
File: t5enc.dfu 2006/08/19 v1.1 UTF8 support for Vietnamese
   defining Unicode char U+00AB (decimal 171)
   defining Unicode char U+00BB (decimal 187)
   defining Unicode char U+00C0 (decimal 192)
   defining Unicode char U+00C1 (decimal 193)
   defining Unicode char U+00C2 (decimal 194)
   defining Unicode char U+00C3 (decimal 195)
   defining Unicode char U+00C8 (decimal 200)
   defining Unicode char U+00C9 (decimal 201)
   defining Unicode char U+00CA (decimal 202)
   defining Unicode char U+00CC (decimal 204)
   defining Unicode char U+00CD (decimal 205)
   defining Unicode char U+00D2 (decimal 210)
   defining Unicode char U+00D3 (decimal 211)
   defining Unicode char U+00D4 (decimal 212)
   defining Unicode char U+00D5 (decimal 213)
   defining Unicode char U+00D9 (decimal 217)
   defining Unicode char U+00DA (decimal 218)
   defining Unicode char U+00DD (decimal 221)
   defining Unicode char U+00E0 (decimal 224)
   defining Unicode char U+00E1 (decimal 225)
   defining Unicode char U+00E2 (decimal 226)
   defining Unicode char U+00E3 (decimal 227)
   defining Unicode char U+00E8 (decimal 232)
   defining Unicode char U+00E9 (decimal 233)
   defining Unicode char U+00EA (decimal 234)
   defining Unicode char U+00EC (decimal 236)
   defining Unicode char U+00ED (decimal 237)
   defining Unicode char U+00F2 (decimal 242)
   defining Unicode char U+00F3 (decimal 243)
   defining Unicode char U+00F4 (decimal 244)
   defining Unicode char U+00F5 (decimal 245)
   defining Unicode char U+00F9 (decimal 249)
   defining Unicode char U+00FA (decimal 250)
   defining Unicode char U+00FD (decimal 253)
   defining Unicode char U+0102 (decimal 258)
   defining Unicode char U+0103 (decimal 259)
   defining Unicode char U+0110 (decimal 272)
   defining Unicode char U+0111 (decimal 273)
   defining Unicode char U+0128 (decimal 296)
   defining Unicode char U+0129 (decimal 297)
   defining Unicode char U+0131 (decimal 305)
   defining Unicode char U+0168 (decimal 360)
   defining Unicode char U+0169 (decimal 361)
   defining Unicode char U+01A0 (decimal 416)
   defining Unicode char U+01A1 (decimal 417)
   defining Unicode char U+01AF (decimal 431)
   defining Unicode char U+01B0 (decimal 432)
   defining Unicode char U+1EA0 (decimal 7840)
   defining Unicode char U+1EA1 (decimal 7841)
   defining Unicode char U+1EA2 (decimal 7842)
   defining Unicode char U+1EA3 (decimal 7843)
   defining Unicode char U+1EA4 (decimal 7844)
   defining Unicode char U+1EA5 (decimal 7845)
   defining Unicode char U+1EA6 (decimal 7846)
   defining Unicode char U+1EA7 (decimal 7847)
   defining Unicode char U+1EA8 (decimal 7848)
   defining Unicode char U+1EA9 (decimal 7849)
   defining Unicode char U+1EAA (decimal 7850)
   defining Unicode char U+1EAB (decimal 7851)
   defining Unicode char U+1EAC (decimal 7852)
   defining Unicode char U+1EAD (decimal 7853)
   defining Unicode char U+1EAE (decimal 7854)
   defining Unicode char U+1EAF (decimal 7855)
   defining Unicode char U+1EB0 (decimal 7856)
   defining Unicode char U+1EB1 (decimal 7857)
   defining Unicode char U+1EB2 (decimal 7858)
   defining Unicode char U+1EB3 (decimal 7859)
   defining Unicode char U+1EB4 (decimal 7860)
   defining Unicode char U+1EB5 (decimal 7861)
   defining Unicode char U+1EB6 (decimal 7862)
   defining Unicode char U+1EB7 (decimal 7863)
   defining Unicode char U+1EB8 (decimal 7864)
   defining Unicode char U+1EB9 (decimal 7865)
   defining Unicode char U+1EBA (decimal 7866)
   defining Unicode char U+1EBB (decimal 7867)
   defining Unicode char U+1EBC (decimal 7868)
   defining Unicode char U+1EBD (decimal 7869)
   defining Unicode char U+1EBE (decimal 7870)
   defining Unicode char U+1EBF (decimal 7871)
   defining Unicode char U+1EC0 (decimal 7872)
   defining Unicode char U+1EC1 (decimal 7873)
   defining Unicode char U+1EC2 (decimal 7874)
   defining Unicode char U+1EC3 (decimal 7875)
   defining Unicode char U+1EC4 (decimal 7876)
   defining Unicode char U+1EC5 (decimal 7877)
   defining Unicode char U+1EC6 (decimal 7878)
   defining Unicode char U+1EC7 (decimal 7879)
   defining Unicode char U+1EC8 (decimal 7880)
   defining Unicode char U+1EC9 (decimal 7881)
   defining Unicode char U+1ECA (decimal 7882)
   defining Unicode char U+1ECB (decimal 7883)
   defining Unicode char U+1ECC (decimal 7884)
   defining Unicode char U+1ECD (decimal 7885)
   defining Unicode char U+1ECE (decimal 7886)
   defining Unicode char U+1ECF (decimal 7887)
   defining Unicode char U+1ED0 (decimal 7888)
   defining Unicode char U+1ED1 (decimal 7889)
   defining Unicode char U+1ED2 (decimal 7890)
   defining Unicode char U+1ED3 (decimal 7891)
   defining Unicode char U+1ED4 (decimal 7892)
   defining Unicode char U+1ED5 (decimal 7893)
   defining Unicode char U+1ED6 (decimal 7894)
   defining Unicode char U+1ED7 (decimal 7895)
   defining Unicode char U+1ED8 (decimal 7896)
   defining Unicode char U+1ED9 (decimal 7897)
   defining Unicode char U+1EDA (decimal 7898)
   defining Unicode char U+1EDB (decimal 7899)
   defining Unicode char U+1EDC (decimal 7900)
   defining Unicode char U+1EDD (decimal 7901)
   defining Unicode char U+1EDE (decimal 7902)
   defining Unicode char U+1EDF (decimal 7903)
   defining Unicode char U+1EE0 (decimal 7904)
   defining Unicode char U+1EE1 (decimal 7905)
   defining Unicode char U+1EE2 (decimal 7906)
   defining Unicode char U+1EE3 (decimal 7907)
   defining Unicode char U+1EE4 (decimal 7908)
   defining Unicode char U+1EE5 (decimal 7909)
   defining Unicode char U+1EE6 (decimal 7910)
   defining Unicode char U+1EE7 (decimal 7911)
   defining Unicode char U+1EE8 (decimal 7912)
   defining Unicode char U+1EE9 (decimal 7913)
   defining Unicode char U+1EEA (decimal 7914)
   defining Unicode char U+1EEB (decimal 7915)
   defining Unicode char U+1EEC (decimal 7916)
   defining Unicode char U+1EED (decimal 7917)
   defining Unicode char U+1EEE (decimal 7918)
   defining Unicode char U+1EEF (decimal 7919)
   defining Unicode char U+1EF0 (decimal 7920)
   defining Unicode char U+1EF1 (decimal 7921)
   defining Unicode char U+1EF2 (decimal 7922)
   defining Unicode char U+1EF3 (decimal 7923)
   defining Unicode char U+1EF4 (decimal 7924)
   defining Unicode char U+1EF5 (decimal 7925)
   defining Unicode char U+1EF6 (decimal 7926)
   defining Unicode char U+1EF7 (decimal 7927)
   defining Unicode char U+1EF8 (decimal 7928)
   defining Unicode char U+1EF9 (decimal 7929)
   defining Unicode char U+200C (decimal 8204)
   defining Unicode char U+2013 (decimal 8211)
   defining Unicode char U+2014 (decimal 8212)
   defining Unicode char U+2018 (decimal 8216)
   defining Unicode char U+2019 (decimal 8217)
   defining Unicode char U+201A (decimal 8218)
   defining Unicode char U+201C (decimal 8220)
   defining Unicode char U+201D (decimal 8221)
   defining Unicode char U+201E (decimal 8222)
   defining Unicode char U+2030 (decimal 8240)
   defining Unicode char U+2031 (decimal 8241)
   defining Unicode char U+2039 (decimal 8249)
   defining Unicode char U+203A (decimal 8250)
   defining Unicode char U+2423 (decimal 9251)
))
LaTeX Font Info:    Trying to load font information for T5+cmr on input line 112.
 (/usr/share/texlive/texmf-dist/tex/latex/vntex/t5cmr.fd
File: t5cmr.fd 1999/05/25 v2.5h Standard LaTeX font definitions
)) (/usr/share/texlive/texmf-dist/tex/latex/base/inputenc.sty
Package: inputenc 2021/02/14 v1.3d Input encoding file
\inpenc@prehook=\toks17
\inpenc@posthook=\toks18
) (/usr/share/texlive/texmf-dist/tex/latex/vntex/vncaps.tex
File: vncaps.tex 2006/06/07 v1.1 Captions in Vietnamese
)) (/usr/share/texlive/texmf-dist/tex/latex/geometry/geometry.sty
Package: geometry 2020/01/02 v5.9 Page Geometry
 (/usr/share/texlive/texmf-dist/tex/generic/iftex/ifvtex.sty
Package: ifvtex 2019/10/25 v1.7 ifvtex legacy package. Use iftex instead.
 (/usr/share/texlive/texmf-dist/tex/generic/iftex/iftex.sty
Package: iftex 2020/03/06 v1.0d TeX engine tests
))
\Gm@cnth=\count194
\Gm@cntv=\count195
\c@Gm@tempcnt=\count196
\Gm@bindingoffset=\dimen139
\Gm@wd@mp=\dimen140
\Gm@odd@mp=\dimen141
\Gm@even@mp=\dimen142
\Gm@layoutwidth=\dimen143
\Gm@layoutheight=\dimen144
\Gm@layouthoffset=\dimen145
\Gm@layoutvoffset=\dimen146
\Gm@dimlist=\toks19
) (/usr/share/texlive/texmf-dist/tex/latex/comment/comment.sty
\CommentStream=\write3
 Excluding comment 'comment') (/usr/share/texlive/texmf-dist/tex/latex/graphics/graphicx.sty
Package: graphicx 2021/09/16 v1.2d Enhanced LaTeX Graphics (DPC,SPQR)
 (/usr/share/texlive/texmf-dist/tex/latex/graphics/graphics.sty
Package: graphics 2021/03/04 v1.4d Standard LaTeX Graphics (DPC,SPQR)
 (/usr/share/texlive/texmf-dist/tex/latex/graphics/trig.sty
Package: trig 2021/08/11 v1.11 sin cos tan (DPC)
) (/usr/share/texlive/texmf-dist/tex/latex/graphics-cfg/graphics.cfg
File: graphics.cfg 2016/06/04 v1.11 sample graphics configuration
)
Package graphics Info: Driver file: pdftex.def on input line 107.
 (/usr/share/texlive/texmf-dist/tex/latex/graphics-def/pdftex.def
File: pdftex.def 2020/10/05 v1.2a Graphics/color driver for pdftex
))
\Gin@req@height=\dimen147
\Gin@req@width=\dimen148
) (/usr/share/texlive/texmf-dist/tex/latex/fancybox/fancybox.sty
Package: fancybox 2010/05/15 1.4

Style option: `fancybox' v1.4 <2010/05/15> (tvz)
\@fancybox=\box50
\shadowsize=\dimen149
\@Sbox=\box51
\do@VerbBox=\toks20
\the@fancyput=\toks21
\this@fancyput=\toks22
\EndVerbatimTokens=\toks23
\Verbatim@Outfile=\write4
\Verbatim@Infile=\read2
) (/usr/share/texlive/texmf-dist/tex/latex/tools/indentfirst.sty
Package: indentfirst 1995/11/23 v1.03 Indent first paragraph (DPC)
) (/usr/share/texlive/texmf-dist/tex/latex/amscls/amsthm.sty
Package: amsthm 2020/05/29 v2.20.6
\thm@style=\toks24
\thm@bodyfont=\toks25
\thm@headfont=\toks26
\thm@notefont=\toks27
\thm@headpunct=\toks28
\thm@preskip=\skip49
\thm@postskip=\skip50
\thm@headsep=\skip51
\dth@everypar=\toks29
) (/usr/share/texlive/texmf-dist/tex/latex/base/latexsym.sty
Package: latexsym 1998/08/17 v2.2e Standard LaTeX package (lasy symbols)
\symlasy=\mathgroup4
LaTeX Font Info:    Overwriting symbol font `lasy' in version `bold'
(Font)                  U/lasy/m/n --> U/lasy/b/n on input line 52.
) (/usr/share/texlive/texmf-dist/tex/latex/amsmath/amsmath.sty
Package: amsmath 2021/10/15 v2.17l AMS math features
\@mathmargin=\skip52

For additional information on amsmath, use the `?' option.
(/usr/share/texlive/texmf-dist/tex/latex/amsmath/amstext.sty
Package: amstext 2021/08/26 v2.01 AMS text
 (/usr/share/texlive/texmf-dist/tex/latex/amsmath/amsgen.sty
File: amsgen.sty 1999/11/30 v2.0 generic functions
\@emptytoks=\toks30
\ex@=\dimen150
)) (/usr/share/texlive/texmf-dist/tex/latex/amsmath/amsbsy.sty
Package: amsbsy 1999/11/29 v1.2d Bold Symbols
\pmbraise@=\dimen151
) (/usr/share/texlive/texmf-dist/tex/latex/amsmath/amsopn.sty
Package: amsopn 2021/08/26 v2.02 operator names
)
\inf@bad=\count197
LaTeX Info: Redefining \frac on input line 234.
\uproot@=\count198
\leftroot@=\count199
LaTeX Info: Redefining \overline on input line 399.
\classnum@=\count266
\DOTSCASE@=\count267
LaTeX Info: Redefining \ldots on input line 496.
LaTeX Info: Redefining \dots on input line 499.
LaTeX Info: Redefining \cdots on input line 620.
\Mathstrutbox@=\box52
\strutbox@=\box53
\big@size=\dimen152
LaTeX Font Info:    Redeclaring font encoding OML on input line 743.
LaTeX Font Info:    Redeclaring font encoding OMS on input line 744.
\macc@depth=\count268
\c@MaxMatrixCols=\count269
\dotsspace@=\muskip16
\c@parentequation=\count270
\dspbrk@lvl=\count271
\tag@help=\toks31
\row@=\count272
\column@=\count273
\maxfields@=\count274
\andhelp@=\toks32
\eqnshift@=\dimen153
\alignsep@=\dimen154
\tagshift@=\dimen155
\tagwidth@=\dimen156
\totwidth@=\dimen157
\lineht@=\dimen158
\@envbody=\toks33
\multlinegap=\skip53
\multlinetaggap=\skip54
\mathdisplay@stack=\toks34
LaTeX Info: Redefining \[ on input line 2938.
LaTeX Info: Redefining \] on input line 2939.
) (/usr/share/texlive/texmf-dist/tex/latex/amsfonts/amssymb.sty
Package: amssymb 2013/01/14 v3.01 AMS font symbols
 (/usr/share/texlive/texmf-dist/tex/latex/amsfonts/amsfonts.sty
Package: amsfonts 2013/01/14 v3.01 Basic AMSFonts support
\symAMSa=\mathgroup5
\symAMSb=\mathgroup6
LaTeX Font Info:    Redeclaring math symbol \hbar on input line 98.
LaTeX Font Info:    Overwriting math alphabet `\mathfrak' in version `bold'
(Font)                  U/euf/m/n --> U/euf/b/n on input line 106.
)) (/usr/share/texlive/texmf-dist/tex/latex/psnfss/times.sty
Package: times 2020/03/25 PSNFSS-v9.3 (SPQR) 
) (/usr/share/texlive/texmf-dist/tex/latex/tools/array.sty
Package: array 2021/10/04 v2.5f Tabular extension package (FMi)
\col@sep=\dimen159
\ar@mcellbox=\box54
\extrarowheight=\dimen160
\NC@list=\toks35
\extratabsurround=\skip55
\backup@length=\skip56
\ar@cellbox=\box55
) (/usr/share/texlive/texmf-dist/tex/latex/enumitem/enumitem.sty
Package: enumitem 2019/06/20 v3.9 Customized lists
\labelindent=\skip57
\enit@outerparindent=\dimen161
\enit@toks=\toks36
\enit@inbox=\box56
\enit@count@id=\count275
\enitdp@description=\count276
) (/usr/share/texlive/texmf-dist/tex/latex/subfiles/subfiles.sty
Package: subfiles 2020/11/14 v2.2 Multi-file projects (package)
 (/usr/share/texlive/texmf-dist/tex/latex/import/import.sty
Package: import 2020/04/01  v 6.2
)) (/usr/share/texlive/texmf-dist/tex/latex/titlesec/titlesec.sty
Package: titlesec 2021/07/05 v2.14 Sectioning titles
\ttl@box=\box57
\beforetitleunit=\skip58
\aftertitleunit=\skip59
\ttl@plus=\dimen162
\ttl@minus=\dimen163
\ttl@toksa=\toks37
\titlewidth=\dimen164
\titlewidthlast=\dimen165
\titlewidthfirst=\dimen166
) (/usr/share/texlive/texmf-dist/tex/latex/titlesec/titletoc.sty
Package: titletoc 2021/07/05 v2.14 TOC entries
\ttl@leftsep=\dimen167
) (/usr/share/texlive/texmf-dist/tex/latex/chngcntr/chngcntr.sty
Package: chngcntr 2018/04/09 v1.1a change counter resetting
Package chngcntr Info: \counterwithout already defined.
(chngcntr)             Quitting chngcntr on input line 21.
) (/usr/share/texlive/texmf-dist/tex/latex/pdflscape/pdflscape.sty
Package: pdflscape 2019/12/05 v0.12 Display of landscape pages in PDF (HO)
 (/usr/share/texlive/texmf-dist/tex/latex/graphics/lscape.sty
Package: lscape 2020/05/28 v3.02 Landscape Pages (DPC)
)
Package pdflscape Info: Auto-detected driver: pdftex on input line 81.
) (/usr/share/texlive/texmf-dist/tex/latex/tools/afterpage.sty
Package: afterpage 2014/10/28 v1.08 After-Page Package (DPC)
\AP@output=\toks38
\AP@partial=\box58
\AP@footins=\box59
) (/usr/share/texlive/texmf-dist/tex/latex/algorithm2e/algorithm2e.sty
Package: algorithm2e 2017/07/18 v5.2 algorithms environments
\c@AlgoLine=\count277
\algocf@hangindent=\skip60
 (/usr/share/texlive/texmf-dist/tex/latex/ifoddpage/ifoddpage.sty
Package: ifoddpage 2016/04/23 v1.1 Conditionals for odd/even page detection
\c@checkoddpage=\count278
) (/usr/share/texlive/texmf-dist/tex/latex/tools/xspace.sty
Package: xspace 2014/10/28 v1.13 Space after command names (DPC,MH)
) (/usr/share/texlive/texmf-dist/tex/latex/relsize/relsize.sty
Package: relsize 2013/03/29 ver 4.1
)
\skiptotal=\skip61
\skiplinenumber=\skip62
\skiprule=\skip63
\skiphlne=\skip64
\skiptext=\skip65
\skiplength=\skip66
\algomargin=\skip67
\skipalgocfslide=\skip68
\algowidth=\dimen168
\inoutsize=\dimen169
\inoutindent=\dimen170
\interspacetitleruled=\dimen171
\interspacealgoruled=\dimen172
\interspacetitleboxruled=\dimen173
\algocf@ruledwidth=\skip69
\algocf@inoutbox=\box60
\algocf@inputbox=\box61
\AlCapSkip=\skip70
\AlCapHSkip=\skip71
\algoskipindent=\skip72
\algocf@nlbox=\box62
\algocf@hangingbox=\box63
\algocf@untilbox=\box64
\algocf@skipuntil=\skip73
\algocf@capbox=\box65
\algocf@lcaptionbox=\skip74
\algoheightruledefault=\skip75
\algoheightrule=\skip76
\algotitleheightruledefault=\skip77
\algotitleheightrule=\skip78
\c@algocfline=\count279
\c@algocfproc=\count280
\c@algocf=\count281
\algocf@algoframe=\box66
\algocf@algobox=\box67
) (/usr/share/texlive/texmf-dist/tex/latex/capt-of/capt-of.sty
Package: capt-of 2009/12/29 v0.2 standard captions outside of floats
) (/usr/share/texlive/texmf-dist/tex/latex/multirow/multirow.sty
Package: multirow 2021/03/15 v2.8 Span multiple rows of a table
\multirow@colwidth=\skip79
\multirow@cntb=\count282
\multirow@dima=\skip80
\bigstrutjot=\dimen174
) (/usr/share/texlive/texmf-dist/tex/latex/fancyhdr/fancyhdr.sty
Package: fancyhdr 2021/01/28 v4.0.1 Extensive control of page headers and footers
\f@nch@headwidth=\skip81
\f@nch@O@elh=\skip82
\f@nch@O@erh=\skip83
\f@nch@O@olh=\skip84
\f@nch@O@orh=\skip85
\f@nch@O@elf=\skip86
\f@nch@O@erf=\skip87
\f@nch@O@olf=\skip88
\f@nch@O@orf=\skip89
) (/usr/share/texlive/texmf-dist/tex/latex/appendix/appendix.sty
Package: appendix 2020/02/08 v1.2c extra appendix facilities
\c@@pps=\count283
\c@@ppsavesec=\count284
\c@@ppsaveapp=\count285
) (/usr/share/texlive/texmf-dist/tex/latex/caption/caption.sty
Package: caption 2020/10/26 v3.5g Customizing captions (AR)
 (/usr/share/texlive/texmf-dist/tex/latex/caption/caption3.sty
Package: caption3 2020/10/21 v2.2e caption3 kernel (AR)
\captionmargin=\dimen175
\captionmargin@=\dimen176
\captionwidth=\dimen177
\caption@tempdima=\dimen178
\caption@indent=\dimen179
\caption@parindent=\dimen180
\caption@hangindent=\dimen181
Package caption Info: Standard document class detected.
)
\c@caption@flags=\count286
\c@continuedfloat=\count287
) (/usr/share/texlive/texmf-dist/tex/latex/outlines/outlines.sty
Package: outlines 2012/1/23 1.1 Ch. Pecheur
) (/usr/share/texlive/texmf-dist/tex/latex/listings/listings.sty
\lst@mode=\count288
\lst@gtempboxa=\box68
\lst@token=\toks39
\lst@length=\count289
\lst@currlwidth=\dimen182
\lst@column=\count290
\lst@pos=\count291
\lst@lostspace=\dimen183
\lst@width=\dimen184
\lst@newlines=\count292
\lst@lineno=\count293
\lst@maxwidth=\dimen185
 (/usr/share/texlive/texmf-dist/tex/latex/listings/lstmisc.sty
File: lstmisc.sty 2020/03/24 1.8d (Carsten Heinz)
\c@lstnumber=\count294
\lst@skipnumbers=\count295
\lst@framebox=\box69
) (/usr/share/texlive/texmf-dist/tex/latex/listings/listings.cfg
File: listings.cfg 2020/03/24 1.8d listings configuration
))
Package: listings 2020/03/24 1.8d (Carsten Heinz)
 (/usr/share/texlive/texmf-dist/tex/latex/float/float.sty
Package: float 2001/11/08 v1.3d Float enhancements (AL)
\c@float@type=\count296
\float@exts=\toks40
\float@box=\box70
\@float@everytoks=\toks41
\@floatcapt=\box71
) (/usr/share/texlive/texmf-dist/tex/latex/caption/subcaption.sty
Package: subcaption 2020/10/07 v1.3j Sub-captions (AR)
\c@subfigure=\count297
\c@subtable=\count298
) (/usr/share/texlive/texmf-dist/tex/latex/xurl/xurl.sty
Package: xurl 2022/01/09 v 0.10 modify URL breaks
 (/usr/share/texlive/texmf-dist/tex/latex/url/url.sty
\Urlmuskip=\muskip17
Package: url 2013/09/16  ver 3.4  Verb mode for urls, etc.
)) (/usr/share/texlive/texmf-dist/tex/latex/xcolor/xcolor.sty
Package: xcolor 2021/10/31 v2.13 LaTeX color extensions (UK)
 (/usr/share/texlive/texmf-dist/tex/latex/graphics-cfg/color.cfg
File: color.cfg 2016/01/02 v1.6 sample color configuration
)
Package xcolor Info: Driver file: pdftex.def on input line 227.
Package xcolor Info: Model `cmy' substituted by `cmy0' on input line 1352.
Package xcolor Info: Model `hsb' substituted by `rgb' on input line 1356.
Package xcolor Info: Model `RGB' extended on input line 1368.
Package xcolor Info: Model `HTML' substituted by `rgb' on input line 1370.
Package xcolor Info: Model `Hsb' substituted by `hsb' on input line 1371.
Package xcolor Info: Model `tHsb' substituted by `hsb' on input line 1372.
Package xcolor Info: Model `HSB' substituted by `hsb' on input line 1373.
Package xcolor Info: Model `Gray' substituted by `gray' on input line 1374.
Package xcolor Info: Model `wave' substituted by `hsb' on input line 1375.
) (/usr/share/texlive/texmf-dist/tex/latex/setspace/setspace.sty
Package: setspace 2011/12/19 v6.7a set line spacing
) (/usr/share/texlive/texmf-dist/tex/latex/parskip/parskip.sty
Package: parskip 2021-03-14 v2.0h non-zero parskip adjustments
 (/usr/share/texlive/texmf-dist/tex/latex/kvoptions/kvoptions.sty
Package: kvoptions 2020-10-07 v3.14 Key value format for package options (HO)
 (/usr/share/texlive/texmf-dist/tex/generic/ltxcmds/ltxcmds.sty
Package: ltxcmds 2020-05-10 v1.25 LaTeX kernel commands for general use (HO)
) (/usr/share/texlive/texmf-dist/tex/generic/kvsetkeys/kvsetkeys.sty
Package: kvsetkeys 2019/12/15 v1.18 Key value parser (HO)
)) (/usr/share/texlive/texmf-dist/tex/latex/etoolbox/etoolbox.sty
Package: etoolbox 2020/10/05 v2.5k e-TeX tools for LaTeX (JAW)
\etb@tempcnta=\count299
)) (/usr/share/texlive/texmf-dist/tex/latex/koma-script/tocbasic.sty
Package: tocbasic 2021/11/13 v3.35 KOMA-Script package (handling toc-files)
\scr@dte@tocline@numberwidth=\skip90
\scr@dte@tocline@numbox=\box72
) (/usr/share/texlive/texmf-dist/tex/latex/blindtext/blindtext.sty
Package: blindtext 2012/01/06 V2.0 blindtext-Package
\c@blindtext=\count300
\c@Blindtext=\count301
\c@blind@countparstart=\count302
\blind@countxx=\count303
\blindtext@numBlindtext=\count304
\blind@countyy=\count305
\c@blindlist=\count306
\c@blindlistlevel=\count307
\c@blindlist@level=\count308
\blind@listitem=\count309
\c@blind@listcount=\count310
\c@blind@levelcount=\count311
\blind@mathformula=\count312
\blind@Mathformula=\count313
\c@blind@randomcount=\count314
\c@blind@randommax=\count315
\c@blind@pangramcount=\count316
\c@blind@pangrammax=\count317
) (/usr/share/texlive/texmf-dist/tex/latex/biblatex/biblatex.sty
Package: biblatex 2022/02/02 v3.17 programmable bibliographies (PK/MW)
 (/usr/share/texlive/texmf-dist/tex/generic/pdftexcmds/pdftexcmds.sty
Package: pdftexcmds 2020-06-27 v0.33 Utility functions of pdfTeX for LuaTeX (HO)
 (/usr/share/texlive/texmf-dist/tex/generic/infwarerr/infwarerr.sty
Package: infwarerr 2019/12/03 v1.5 Providing info/warning/error messages (HO)
)
Package pdftexcmds Info: \pdf@primitive is available.
Package pdftexcmds Info: \pdf@ifprimitive is available.
Package pdftexcmds Info: \pdfdraftmode found.
) (/usr/share/texlive/texmf-dist/tex/latex/logreq/logreq.sty
Package: logreq 2010/08/04 v1.0 xml request logger
\lrq@indent=\count318
 (/usr/share/texlive/texmf-dist/tex/latex/logreq/logreq.def
File: logreq.def 2010/08/04 v1.0 logreq spec v1.0
))
\c@tabx@nest=\count319
\c@listtotal=\count320
\c@listcount=\count321
\c@liststart=\count322
\c@liststop=\count323
\c@citecount=\count324
\c@citetotal=\count325
\c@multicitecount=\count326
\c@multicitetotal=\count327
\c@instcount=\count328
\c@maxnames=\count329
\c@minnames=\count330
\c@maxitems=\count331
\c@minitems=\count332
\c@citecounter=\count333
\c@maxcitecounter=\count334
\c@savedcitecounter=\count335
\c@uniquelist=\count336
\c@uniquename=\count337
\c@refsection=\count338
\c@refsegment=\count339
\c@maxextratitle=\count340
\c@maxextratitleyear=\count341
\c@maxextraname=\count342
\c@maxextradate=\count343
\c@maxextraalpha=\count344
\c@abbrvpenalty=\count345
\c@highnamepenalty=\count346
\c@lownamepenalty=\count347
\c@maxparens=\count348
\c@parenlevel=\count349
\blx@tempcnta=\count350
\blx@tempcntb=\count351
\blx@tempcntc=\count352
\c@blx@maxsection=\count353
\c@blx@maxsegment@0=\count354
\blx@notetype=\count355
\blx@parenlevel@text=\count356
\blx@parenlevel@foot=\count357
\c@blx@sectionciteorder@0=\count358
\blx@entrysetcounter=\count359
\blx@biblioinstance=\count360
\labelnumberwidth=\skip91
\labelalphawidth=\skip92
\biblabelsep=\skip93
\bibitemsep=\skip94
\bibnamesep=\skip95
\bibinitsep=\skip96
\bibparsep=\skip97
\bibhang=\skip98
\blx@bcfin=\read3
\blx@bcfout=\write5
\blx@langwohyphens=\language30
\c@mincomprange=\count361
\c@maxcomprange=\count362
\c@mincompwidth=\count363
Package biblatex Info: Trying to load biblatex default data model...
Package biblatex Info: ... file 'blx-dm.def' found.
 (/usr/share/texlive/texmf-dist/tex/latex/biblatex/blx-dm.def
File: blx-dm.def 2022/02/02 v3.17 biblatex localization (PK/MW)
)
Package biblatex Info: Trying to load biblatex style data model...
Package biblatex Info: ... file 'numeric.dbx' not found.
Package biblatex Info: Trying to load biblatex custom data model...
Package biblatex Info: ... file 'biblatex-dm.cfg' not found.
\c@afterword=\count364
\c@savedafterword=\count365
\c@annotator=\count366
\c@savedannotator=\count367
\c@author=\count368
\c@savedauthor=\count369
\c@bookauthor=\count370
\c@savedbookauthor=\count371
\c@commentator=\count372
\c@savedcommentator=\count373
\c@editor=\count374
\c@savededitor=\count375
\c@editora=\count376
\c@savededitora=\count377
\c@editorb=\count378
\c@savededitorb=\count379
\c@editorc=\count380
\c@savededitorc=\count381
\c@foreword=\count382
\c@savedforeword=\count383
\c@holder=\count384
\c@savedholder=\count385
\c@introduction=\count386
\c@savedintroduction=\count387
\c@namea=\count388
\c@savednamea=\count389
\c@nameb=\count390
\c@savednameb=\count391
\c@namec=\count392
\c@savednamec=\count393
\c@translator=\count394
\c@savedtranslator=\count395
\c@shortauthor=\count396
\c@savedshortauthor=\count397
\c@shorteditor=\count398
\c@savedshorteditor=\count399
\c@labelname=\count400
\c@savedlabelname=\count401
\c@institution=\count402
\c@savedinstitution=\count403
\c@lista=\count404
\c@savedlista=\count405
\c@listb=\count406
\c@savedlistb=\count407
\c@listc=\count408
\c@savedlistc=\count409
\c@listd=\count410
\c@savedlistd=\count411
\c@liste=\count412
\c@savedliste=\count413
\c@listf=\count414
\c@savedlistf=\count415
\c@location=\count416
\c@savedlocation=\count417
\c@organization=\count418
\c@savedorganization=\count419
\c@origlocation=\count420
\c@savedoriglocation=\count421
\c@origpublisher=\count422
\c@savedorigpublisher=\count423
\c@publisher=\count424
\c@savedpublisher=\count425
\c@language=\count426
\c@savedlanguage=\count427
\c@origlanguage=\count428
\c@savedoriglanguage=\count429
\c@pageref=\count430
\c@savedpageref=\count431
\shorthandwidth=\skip99
\shortjournalwidth=\skip100
\shortserieswidth=\skip101
\shorttitlewidth=\skip102
\shortauthorwidth=\skip103
\shorteditorwidth=\skip104
\locallabelnumberwidth=\skip105
\locallabelalphawidth=\skip106
\localshorthandwidth=\skip107
\localshortjournalwidth=\skip108
\localshortserieswidth=\skip109
\localshorttitlewidth=\skip110
\localshortauthorwidth=\skip111
\localshorteditorwidth=\skip112
Package biblatex Info: Trying to load compatibility code...
Package biblatex Info: ... file 'blx-compat.def' found.
 (/usr/share/texlive/texmf-dist/tex/latex/biblatex/blx-compat.def
File: blx-compat.def 2022/02/02 v3.17 biblatex compatibility (PK/MW)
)
Package biblatex Info: Trying to load generic definitions...
Package biblatex Info: ... file 'biblatex.def' found.
 (/usr/share/texlive/texmf-dist/tex/latex/biblatex/biblatex.def
File: biblatex.def 2022/02/02 v3.17 biblatex compatibility (PK/MW)
\c@textcitecount=\count432
\c@textcitetotal=\count433
\c@textcitemaxnames=\count434
\c@biburlbigbreakpenalty=\count435
\c@biburlbreakpenalty=\count436
\c@biburlnumpenalty=\count437
\c@biburlucpenalty=\count438
\c@biburllcpenalty=\count439
\biburlbigskip=\muskip18
\biburlnumskip=\muskip19
\biburlucskip=\muskip20
\biburllcskip=\muskip21
\c@smartand=\count440
)
Package biblatex Info: Trying to load bibliography style 'numeric'...
Package biblatex Info: ... file 'numeric.bbx' found.
 (/usr/share/texlive/texmf-dist/tex/latex/biblatex/bbx/numeric.bbx
File: numeric.bbx 2022/02/02 v3.17 biblatex bibliography style (PK/MW)
Package biblatex Info: Trying to load bibliography style 'standard'...
Package biblatex Info: ... file 'standard.bbx' found.
 (/usr/share/texlive/texmf-dist/tex/latex/biblatex/bbx/standard.bbx
File: standard.bbx 2022/02/02 v3.17 biblatex bibliography style (PK/MW)
\c@bbx:relatedcount=\count441
\c@bbx:relatedtotal=\count442
))
Package biblatex Info: Trying to load citation style 'numeric'...
Package biblatex Info: ... file 'numeric.cbx' found.
 (/usr/share/texlive/texmf-dist/tex/latex/biblatex/cbx/numeric.cbx
File: numeric.cbx 2022/02/02 v3.17 biblatex citation style (PK/MW)
Package biblatex Info: Redefining '\cite'.
Package biblatex Info: Redefining '\parencite'.
Package biblatex Info: Redefining '\footcite'.
Package biblatex Info: Redefining '\footcitetext'.
Package biblatex Info: Redefining '\smartcite'.
Package biblatex Info: Redefining '\supercite'.
Package biblatex Info: Redefining '\textcite'.
Package biblatex Info: Redefining '\textcites'.
Package biblatex Info: Redefining '\cites'.
Package biblatex Info: Redefining '\parencites'.
Package biblatex Info: Redefining '\smartcites'.
)
Package biblatex Info: Trying to load configuration file...
Package biblatex Info: ... file 'biblatex.cfg' found.
 (/usr/share/texlive/texmf-dist/tex/latex/biblatex/biblatex.cfg
File: biblatex.cfg 
)
Package biblatex Info: Input encoding 'utf8' detected.
Package biblatex Info: Document encoding is UTF8 ....
 (/usr/share/texlive/texmf-dist/tex/latex/l3kernel/expl3.sty
Package: expl3 2022-01-21 L3 programming layer (loader) 
 (/usr/share/texlive/texmf-dist/tex/latex/l3backend/l3backend-pdftex.def
File: l3backend-pdftex.def 2022-01-12 L3 backend support: PDF output (pdfTeX)
\l__color_backend_stack_int=\count443
\l__pdf_internal_box=\box73
))
Package biblatex Info: ... and expl3
(biblatex)             2022-01-21 L3 programming layer (loader) 
(biblatex)             is new enough (at least 2020/04/06),
(biblatex)             setting 'casechanger=expl3'.
 (/usr/share/texlive/texmf-dist/tex/latex/biblatex/blx-case-expl3.sty (/usr/share/texlive/texmf-dist/tex/latex/l3packages/xparse/xparse.sty
Package: xparse 2022-01-12 L3 Experimental document command parser
)
Package: blx-case-expl3 2022/02/02 v3.17 expl3 case changing code for biblatex
)) (/usr/share/texlive/texmf-dist/tex/latex/hyperref/hyperref.sty
Package: hyperref 2021-06-07 v7.00m Hypertext links for LaTeX
 (/usr/share/texlive/texmf-dist/tex/generic/kvdefinekeys/kvdefinekeys.sty
Package: kvdefinekeys 2019-12-19 v1.6 Define keys (HO)
) (/usr/share/texlive/texmf-dist/tex/generic/pdfescape/pdfescape.sty
Package: pdfescape 2019/12/09 v1.15 Implements pdfTeX's escape features (HO)
) (/usr/share/texlive/texmf-dist/tex/latex/hycolor/hycolor.sty
Package: hycolor 2020-01-27 v1.10 Color options for hyperref/bookmark (HO)
) (/usr/share/texlive/texmf-dist/tex/latex/letltxmacro/letltxmacro.sty
Package: letltxmacro 2019/12/03 v1.6 Let assignment for LaTeX macros (HO)
) (/usr/share/texlive/texmf-dist/tex/latex/auxhook/auxhook.sty
Package: auxhook 2019-12-17 v1.6 Hooks for auxiliary files (HO)
)
\@linkdim=\dimen186
\Hy@linkcounter=\count444
\Hy@pagecounter=\count445
 (/usr/share/texlive/texmf-dist/tex/latex/hyperref/pd1enc.def
File: pd1enc.def 2021-06-07 v7.00m Hyperref: PDFDocEncoding definition (HO)
Now handling font encoding PD1 ...
... no UTF-8 mapping file for font encoding PD1
) (/usr/share/texlive/texmf-dist/tex/latex/hyperref/hyperref-langpatches.def
File: hyperref-langpatches.def 2021-06-07 v7.00m Hyperref: patches for babel languages
) (/usr/share/texlive/texmf-dist/tex/generic/intcalc/intcalc.sty
Package: intcalc 2019/12/15 v1.3 Expandable calculations with integers (HO)
) (/usr/share/texlive/texmf-dist/tex/generic/etexcmds/etexcmds.sty
Package: etexcmds 2019/12/15 v1.7 Avoid name clashes with e-TeX commands (HO)
)
\Hy@SavedSpaceFactor=\count446
 (/usr/share/texlive/texmf-dist/tex/latex/hyperref/puenc.def
File: puenc.def 2021-06-07 v7.00m Hyperref: PDF Unicode definition (HO)
Now handling font encoding PU ...
... no UTF-8 mapping file for font encoding PU
)
Package hyperref Info: Hyper figures OFF on input line 4192.
Package hyperref Info: Link nesting OFF on input line 4197.
Package hyperref Info: Hyper index ON on input line 4200.
Package hyperref Info: Plain pages OFF on input line 4207.
Package hyperref Info: Backreferencing OFF on input line 4212.
Package hyperref Info: Implicit mode ON; LaTeX internals redefined.
Package hyperref Info: Bookmarks ON on input line 4445.
\c@Hy@tempcnt=\count447
LaTeX Info: Redefining \url on input line 4804.
\XeTeXLinkMargin=\dimen187
 (/usr/share/texlive/texmf-dist/tex/generic/bitset/bitset.sty
Package: bitset 2019/12/09 v1.3 Handle bit-vector datatype (HO)
 (/usr/share/texlive/texmf-dist/tex/generic/bigintcalc/bigintcalc.sty
Package: bigintcalc 2019/12/15 v1.5 Expandable calculations on big integers (HO)
))
\Fld@menulength=\count448
\Field@Width=\dimen188
\Fld@charsize=\dimen189
Package hyperref Info: Hyper figures OFF on input line 6076.
Package hyperref Info: Link nesting OFF on input line 6081.
Package hyperref Info: Hyper index ON on input line 6084.
Package hyperref Info: backreferencing OFF on input line 6091.
Package hyperref Info: Link coloring OFF on input line 6096.
Package hyperref Info: Link coloring with OCG OFF on input line 6101.
Package hyperref Info: PDF/A mode OFF on input line 6106.
LaTeX Info: Redefining \ref on input line 6146.
LaTeX Info: Redefining \pageref on input line 6150.
 (/usr/share/texlive/texmf-dist/tex/latex/base/atbegshi-ltx.sty
Package: atbegshi-ltx 2021/01/10 v1.0c Emulation of the original atbegshi
package with kernel methods
)
\Hy@abspage=\count449
\c@Item=\count450
\c@Hfootnote=\count451
)
Package hyperref Info: Driver (autodetected): hpdftex.
 (/usr/share/texlive/texmf-dist/tex/latex/hyperref/hpdftex.def
File: hpdftex.def 2021-06-07 v7.00m Hyperref driver for pdfTeX
 (/usr/share/texlive/texmf-dist/tex/latex/base/atveryend-ltx.sty
Package: atveryend-ltx 2020/08/19 v1.0a Emulation of the original atveryend package
with kernel methods
)
\Fld@listcount=\count452
\c@bookmark@seq@number=\count453
 (/usr/share/texlive/texmf-dist/tex/latex/rerunfilecheck/rerunfilecheck.sty
Package: rerunfilecheck 2019/12/05 v1.9 Rerun checks for auxiliary files (HO)
 (/usr/share/texlive/texmf-dist/tex/generic/uniquecounter/uniquecounter.sty
Package: uniquecounter 2019/12/15 v1.4 Provide unlimited unique counter (HO)
)
Package uniquecounter Info: New unique counter `rerunfilecheck' on input line 286.
)
\Hy@SectionHShift=\skip113
) (/usr/share/texlive/texmf-dist/tex/latex/oberdiek/hypcap.sty
Package: hypcap 2016/05/16 v1.12 Adjusting the anchors of captions (HO)
)
\c@example=\count454
\@quotelevel=\count455
\@quotereset=\count456
LaTeX Font Info:    Trying to load font information for T5+ptm on input line 169.
 (/usr/share/texlive/texmf-dist/tex/latex/vntex/t5ptm.fd
File: t5utm.fd 2005/08/24 Fontinst v1.929 font definitions for T5/ptm.
) (build/DoAn.aux)
\openout1 = `DoAn.aux'.

LaTeX Font Info:    Checking defaults for OML/cmm/m/it on input line 169.
LaTeX Font Info:    ... okay on input line 169.
LaTeX Font Info:    Checking defaults for OMS/cmsy/m/n on input line 169.
LaTeX Font Info:    ... okay on input line 169.
LaTeX Font Info:    Checking defaults for OT1/cmr/m/n on input line 169.
LaTeX Font Info:    ... okay on input line 169.
LaTeX Font Info:    Checking defaults for T1/cmr/m/n on input line 169.
LaTeX Font Info:    ... okay on input line 169.
LaTeX Font Info:    Checking defaults for TS1/cmr/m/n on input line 169.
LaTeX Font Info:    ... okay on input line 169.
LaTeX Font Info:    Checking defaults for OMX/cmex/m/n on input line 169.
LaTeX Font Info:    ... okay on input line 169.
LaTeX Font Info:    Checking defaults for U/cmr/m/n on input line 169.
LaTeX Font Info:    ... okay on input line 169.
LaTeX Font Info:    Checking defaults for T5/cmr/m/n on input line 169.
LaTeX Font Info:    ... okay on input line 169.
LaTeX Font Info:    Checking defaults for PD1/pdf/m/n on input line 169.
LaTeX Font Info:    ... okay on input line 169.
LaTeX Font Info:    Checking defaults for PU/pdf/m/n on input line 169.
LaTeX Font Info:    ... okay on input line 169.

*geometry* driver: auto-detecting
*geometry* detected driver: pdftex
*geometry* verbose mode - [ preamble ] result:
* driver: pdftex
* paper: a4paper
* layout: <same size as paper>
* layoutoffset:(h,v)=(0.0pt,0.0pt)
* modes: twoside 
* h-part:(L,W,R)=(99.58464pt, 426.79135pt, 71.13188pt)
* v-part:(T,H,B)=(56.9055pt, 731.23584pt, 56.9055pt)
* \paperwidth=597.50787pt
* \paperheight=845.04684pt
* \textwidth=426.79135pt
* \textheight=731.23584pt
* \oddsidemargin=27.31465pt
* \evensidemargin=-1.1381pt
* \topmargin=-52.36449pt
* \headheight=18.0pt
* \headsep=25.0pt
* \topskip=10.0pt
* \footskip=30.0pt
* \marginparwidth=111.0pt
* \marginparsep=11.0pt
* \columnsep=10.0pt
* \skip\footins=11.69997pt plus 5.19942pt minus 2.60054pt
* \hoffset=0.0pt
* \voffset=0.0pt
* \mag=1000
* \@twocolumnfalse
* \@twosidetrue
* \@mparswitchtrue
* \@reversemarginfalse
* (1in=72.27pt=25.4mm, 1cm=28.453pt)

(/usr/share/texlive/texmf-dist/tex/context/base/mkii/supp-pdf.mkii
[Loading MPS to PDF converter (version 2006.09.02).]
\scratchcounter=\count457
\scratchdimen=\dimen190
\scratchbox=\box74
\nofMPsegments=\count458
\nofMParguments=\count459
\everyMPshowfont=\toks42
\MPscratchCnt=\count460
\MPscratchDim=\dimen191
\MPnumerator=\count461
\makeMPintoPDFobject=\count462
\everyMPtoPDFconversion=\toks43
) (/usr/share/texlive/texmf-dist/tex/latex/epstopdf-pkg/epstopdf-base.sty
Package: epstopdf-base 2020-01-24 v2.11 Base part for package epstopdf
 (/usr/share/texlive/texmf-dist/tex/latex/grfext/grfext.sty
Package: grfext 2019/12/03 v1.3 Manage graphics extensions (HO)
)
Package epstopdf-base Info: Redefining graphics rule for `.eps' on input line 485.
Package grfext Info: Graphics extension search list:
(grfext)             [.pdf,.png,.jpg,.mps,.jpeg,.jbig2,.jb2,.PDF,.PNG,.JPG,.JPEG,.JBIG2,.JB2,.eps]
(grfext)             \AppendGraphicsExtensions on input line 504.
 (/usr/share/texlive/texmf-dist/tex/latex/latexconfig/epstopdf-sys.cfg
File: epstopdf-sys.cfg 2010/07/13 v1.3 Configuration of (r)epstopdf for TeX Live
))
Package caption Info: Begin \AtBeginDocument code.
Package caption Info: float package is loaded.
Package caption Info: hyperref package is loaded.
Package caption Info: hypcap package is loaded.
Package caption Info: listings package is loaded.
Package caption Info: End \AtBeginDocument code.
\c@lstlisting=\count463
Package biblatex Info: Trying to load language 'english'...
Package biblatex Info: ... file 'english.lbx' found.
 (/usr/share/texlive/texmf-dist/tex/latex/biblatex/lbx/english.lbx
File: english.lbx 2022/02/02 v3.17 biblatex localization (PK/MW)
)
Package biblatex Info: Input encoding 'utf8' detected.
Package biblatex Info: Automatic encoding selection.
(biblatex)             Assuming data encoding 'utf8'.
\openout5 = `DoAn.bcf'.

Package biblatex Info: Trying to load bibliographic data...
Package biblatex Info: ... file 'DoAn.bbl' found.
 (build/DoAn.bbl)
Package biblatex Info: Reference section=0 on input line 169.
Package biblatex Info: Reference segment=0 on input line 169.
Package hyperref Info: Link coloring OFF on input line 169.
 (/usr/share/texlive/texmf-dist/tex/latex/hyperref/nameref.sty
Package: nameref 2021-04-02 v2.47 Cross-referencing by name of section
 (/usr/share/texlive/texmf-dist/tex/latex/refcount/refcount.sty
Package: refcount 2019/12/15 v3.6 Data extraction from label references (HO)
) (/usr/share/texlive/texmf-dist/tex/generic/gettitlestring/gettitlestring.sty
Package: gettitlestring 2019/12/15 v1.6 Cleanup title references (HO)
)
\c@section@level=\count464
)
LaTeX Info: Redefining \ref on input line 169.
LaTeX Info: Redefining \pageref on input line 169.
LaTeX Info: Redefining \nameref on input line 169.
 (build/DoAn.out) (build/DoAn.out)
\@outlinefile=\write6
\openout6 = `DoAn.out'.

 (./Bia.tex
LaTeX Font Info:    Calculating math sizes for size <13> on input line 32.
LaTeX Font Info:    Trying to load font information for U+msa on input line 32.
 (/usr/share/texlive/texmf-dist/tex/latex/amsfonts/umsa.fd
File: umsa.fd 2013/01/14 v3.01 AMS symbols A
)
LaTeX Font Info:    Trying to load font information for U+msb on input line 32.
 (/usr/share/texlive/texmf-dist/tex/latex/amsfonts/umsb.fd
File: umsb.fd 2013/01/14 v3.01 AMS symbols B
) [1

{/var/lib/texmf/fonts/map/pdftex/updmap/pdftex.map}]) (./Bia_lot.texpdfTeX warning (ext4): destination with the same identifier (name{page.1}) has been already used, duplicate ignored
<to be read again> 
                   \relax 
l.42 \end{titlepage}
                     [1]) (./Chapters/0_2_Loi_cam_on.tex)
Underfull \hbox (badness 10000) in paragraph at lines 8--180

 []


Underfull \hbox (badness 10000) in paragraph at lines 8--180

 []

[1] (./Chapters/0_3_Tom_tat_noi_dung.tex) Excluding 'comment' comment.pdfTeX warning (ext4): destination with the same identifier (name{page.}) has been already used, duplicate ignored
<to be read again> 
                   \relax 
l.192 \newpage
               [1] (build/DoAn.toc
Underfull \vbox (badness 10000) has occurred while \output is active []

 [1

]
Underfull \vbox (badness 10000) has occurred while \output is active []

 [2])
\tf@toc=\write7
\openout7 = `DoAn.toc'.

 [3] [4


] (build/DoAn.lof)
\tf@lof=\write8
\openout8 = `DoAn.lof'.

 [5

] (build/DoAn.lot)
\tf@lot=\write9
\openout9 = `DoAn.lot'.

 [6

]
Ch\uhorn \ohorn ng 1.
(./Chapters/1_Gioi_thieu.tex
Underfull \vbox (badness 10000) has occurred while \output is active []

pdfTeX warning (ext4): destination with the same identifier (name{page.1}) has been already used, duplicate ignored
<to be read again> 
                   \relax 
l.17 H
      √¨nh~\ref{fig:single_vs_two_view} minh h·ªça tr·ª±c quan s·ª± kh√°c bi... [1

]
<figures/comparison.png, id=540, 441.90094pt x 194.22563pt>
File: figures/comparison.png Graphic file (type png)
<use figures/comparison.png>
Package pdftex.def Info: figures/comparison.png  used on input line 21.
(pdftex.def)             Requested size: 362.77525pt x 159.4557pt.
 [2 <./figures/comparison.png>]
Underfull \vbox (badness 10000) has occurred while \output is active []

 [3]
Underfull \vbox (badness 10000) has occurred while \output is active []

 [4]
Underfull \vbox (badness 10000) has occurred while \output is active []

 [5]) [6]
Ch\uhorn \ohorn ng 2.
(./Chapters/2_Co_so_ly_thuyet.tex
Underfull \vbox (badness 10000) has occurred while \output is active []

 [7

]
Underfull \vbox (badness 10000) has occurred while \output is active []

 [8]
Underfull \vbox (badness 10000) has occurred while \output is active []

 [9]
Underfull \hbox (badness 2418) in paragraph at lines 62--62
[]|\T5/ptm/b/n/13 Nh‚m ph˜Ïng
 []


Underfull \hbox (badness 6236) in paragraph at lines 64--64
[]|\T5/ptm/m/n/13 Monocular hu-
 []


Underfull \hbox (badness 2359) in paragraph at lines 64--64
\T5/ptm/m/n/13 RGB mÎt g‚c
 []


Underfull \hbox (badness 4995) in paragraph at lines 64--64
\T5/ptm/m/n/13 phΩ ph¶n c˘ng
 []


Underfull \hbox (badness 10000) in paragraph at lines 64--65
[]|\T5/ptm/m/n/13 Thi∏u nguÁn
 []


Underfull \hbox (badness 5161) in paragraph at lines 64--65
\T5/ptm/m/n/13 ^^_∫ ki∫m ch˘ng
 []


Underfull \hbox (badness 1173) in paragraph at lines 66--66
[]|\T5/ptm/m/n/13 Keypoint, pose
 []


Underfull \hbox (badness 10000) in paragraph at lines 66--66
\T5/ptm/m/n/13 ho∞c SMPL
 []


Underfull \hbox (badness 1888) in paragraph at lines 66--66
[]|\T5/ptm/m/n/13 Pose/SMPL ^^_¢
 []


Underfull \hbox (badness 4024) in paragraph at lines 66--66
[]|\T5/ptm/m/n/13 T´ng tΩnh nhßt
 []


Underfull \hbox (badness 4595) in paragraph at lines 66--67
[]|\T5/ptm/m/n/13 Phˆ thuÎc chßt
 []


Underfull \hbox (badness 3302) in paragraph at lines 66--67
\T5/ptm/m/n/13 l˜Òng khi t§o,
 []


Underfull \hbox (badness 10000) in paragraph at lines 68--68
[]|\T5/ptm/m/n/13 Gi£m nh™p
 []


Underfull \hbox (badness 1342) in paragraph at lines 68--69
[]|\T5/ptm/m/n/13 Th˜Ìng c¶n mÊ
 []


Underfull \hbox (badness 6876) in paragraph at lines 68--69
\T5/ptm/m/n/13 hºnh multi-view
 []


Underfull \hbox (badness 10000) in paragraph at lines 68--69
\T5/ptm/m/n/13 ho∞c suy lu™n
 []


Underfull \hbox (badness 10000) in paragraph at lines 70--70
[]|\T5/ptm/m/n/13 Physics /
 []


Underfull \hbox (badness 10000) in paragraph at lines 70--70
\T5/ptm/m/n/13 biomechanics-
 []


Underfull \hbox (badness 10000) in paragraph at lines 70--70
[]|\T5/ptm/m/n/13 Pose, video
 []


Underfull \hbox (badness 2726) in paragraph at lines 70--70
\T5/ptm/m/n/13 ho∞c mÊ hºnh
 []


Underfull \hbox (badness 10000) in paragraph at lines 70--70
[]|\T5/ptm/m/n/13 Chuy∫n ^^_Îng
 []


Underfull \hbox (badness 6110) in paragraph at lines 70--70
\T5/ptm/m/n/13 c‚ r†ng buÎc
 []


Underfull \hbox (badness 3780) in paragraph at lines 70--70
\T5/ptm/m/n/13 v™t l˛/cÏ sinh
 []


Underfull \hbox (badness 10000) in paragraph at lines 70--70
[]|\T5/ptm/m/n/13 C£i thiªn tΩnh
 []


Underfull \hbox (badness 10000) in paragraph at lines 70--70
\T5/ptm/m/n/13 hÒp l˛ cıa
 []


Underfull \hbox (badness 2368) in paragraph at lines 70--71
\T5/ptm/m/n/13 ^^_ı v†o pipeline
 []


Underfull \hbox (badness 10000) in paragraph at lines 72--72
[]|\T5/ptm/m/n/13 Ph˜Ïng ph°p
 []


Underfull \hbox (badness 10000) in paragraph at lines 72--72
[]|\T5/ptm/m/n/13 Pose 3D sau
 []


Underfull \hbox (badness 10000) in paragraph at lines 72--72
\T5/ptm/m/n/13 ph°t hiªn v†
 []


Underfull \hbox (badness 2744) in paragraph at lines 72--72
\T5/ptm/m/n/13 l˛, ki∫m ch˘ng
 []


Underfull \hbox (badness 10000) in paragraph at lines 72--72
\T5/ptm/m/n/13 ch≤o gi˙a hai
 []


Underfull \hbox (badness 4595) in paragraph at lines 72--73
[]|\T5/ptm/m/n/13 Phˆ thuÎc chßt
 []


Underfull \hbox (badness 3302) in paragraph at lines 72--73
\T5/ptm/m/n/13 l˜Òng ^^_Áng bÎ,
 []


Overfull \hbox (65.24493pt too wide) in paragraph at lines 60--75
 [][] 
 []


Underfull \vbox (badness 10000) has occurred while \output is active []

 [10]
<figures/keypoints.png, id=644, 890.32625pt x 1780.6525pt>
File: figures/keypoints.png Graphic file (type png)
<use figures/keypoints.png>
Package pdftex.def Info: figures/keypoints.png  used on input line 89.
(pdftex.def)             Requested size: 179.25157pt x 358.48804pt.

Underfull \vbox (badness 10000) has occurred while \output is active []

 [11] [12 <./figures/keypoints.png (PNG copy)>]
Underfull \vbox (badness 10000) has occurred while \output is active []

 [13]
Underfull \vbox (badness 10000) has occurred while \output is active []

 [14]) [15]
Ch\uhorn \ohorn ng 3.
(./Chapters/3_De_xuat.tex
Underfull \vbox (badness 10000) has occurred while \output is active []

 [16

]
Underfull \hbox (badness 5985) in paragraph at lines 25--25
[]|\T5/ptm/m/n/13 Sinh pose ban
 []


Underfull \hbox (badness 10000) in paragraph at lines 25--25
[]|\T5/ptm/m/n/13 Hai video RGB
 []


Underfull \hbox (badness 10000) in paragraph at lines 25--25
\T5/ptm/m/n/13 cÚng ghi mÎt
 []


Underfull \hbox (badness 6658) in paragraph at lines 27--27
[]|\T5/ptm/m/n/13 Chu©n h‚a d˙
 []


Underfull \hbox (badness 10000) in paragraph at lines 27--27
[]|\T5/ptm/m/n/13 Output WHAM
 []


Underfull \hbox (badness 7468) in paragraph at lines 27--27
\T5/ptm/m/n/13 gÁm joints, pose,
 []


Underfull \hbox (badness 10000) in paragraph at lines 29--29
[]|\T5/ptm/m/n/13 ^^^Áng bÎ thÌi
 []


Underfull \hbox (badness 10000) in paragraph at lines 29--29
[]|\T5/ptm/m/n/13 Gh≤p frame theo
 []


Underfull \hbox (badness 10000) in paragraph at lines 29--29
\T5/ptm/m/n/13 times-tamp, chø sË
 []


Underfull \hbox (badness 10000) in paragraph at lines 29--29
\T5/ptm/m/n/13 frame ho∞c off-set
 []


Underfull \hbox (badness 7869) in paragraph at lines 33--33
[]|\T5/ptm/m/n/13 Ki∫m tra nhßt
 []


Underfull \hbox (badness 2529) in paragraph at lines 33--33
[]|\T5/ptm/m/n/13 TΩnh sai kh°c khÓp,
 []


Underfull \hbox (badness 7133) in paragraph at lines 33--34
[]|\T5/ptm/m/n/13 Ma tr™n sai kh°c,
 []


Underfull \hbox (badness 10000) in paragraph at lines 35--35
[]|\T5/ptm/m/n/13 Hai chuÈi pose,
 []


Underfull \hbox (badness 2753) in paragraph at lines 35--35
[]|\T5/ptm/m/n/13 ChÂn view ^^_°ng tin
 []


Underfull \hbox (badness 7291) in paragraph at lines 37--37
[]|\T5/ptm/m/n/13 L†m m˜Òt, duy trº
 []


Underfull \hbox (badness 1762) in paragraph at lines 37--38
[]|\T5/ptm/m/n/13 ChuÈi pose 3D sau
 []


Overfull \hbox (49.99992pt too wide) in paragraph at lines 21--40
 [][] 
 []

<figures/kien_truc_tong_quan.png, id=712, 1001.99344pt x 570.63188pt>
File: figures/kien_truc_tong_quan.png Graphic file (type png)
<use figures/kien_truc_tong_quan.png>
Package pdftex.def Info: figures/kien_truc_tong_quan.png  used on input line 44.
(pdftex.def)             Requested size: 426.79135pt x 243.05954pt.
<figures/Logic.png, id=714, 713.064pt x 310.15875pt>
File: figures/Logic.png Graphic file (type png)
<use figures/Logic.png>
Package pdftex.def Info: figures/Logic.png  used on input line 53.
(pdftex.def)             Requested size: 426.79135pt x 185.64708pt.
[17] [18 <./figures/kien_truc_tong_quan.png> <./figures/Logic.png>]
LaTeX Font Info:    Calculating math sizes for size <11.86258> on input line 91.

Underfull \hbox (badness 10000) in paragraph at lines 93--93
[]|\T5/ptm/b/n/11.86258 KΩch th˜Óc
 []


Underfull \hbox (badness 10000) in paragraph at lines 93--93
[]|\T5/ptm/b/n/11.86258 Vai tr· trong
 []

LaTeX Font Info:    Trying to load font information for T5+pcr on input line 95.
(/usr/share/texlive/texmf-dist/tex/latex/vntex/t5pcr.fd
File: t5ucr.fd 2005/08/24 Fontinst v1.929 font definitions for T5/pcr.
)
Underfull \hbox (badness 2080) in paragraph at lines 95--95
[]|\T5/ptm/m/n/11.86258 TÂa ^^_Î khÓp 3D
 []


Underfull \hbox (badness 10000) in paragraph at lines 95--95
\T5/ptm/m/n/11.86258 dÚng cho c´n
 []


Underfull \hbox (badness 5288) in paragraph at lines 99--99
[]|\T5/ptm/m/n/11.86258 Tham sË t˜ th∏
 []


Underfull \hbox (badness 1394) in paragraph at lines 99--100
[]|\T5/ptm/m/n/11.86258 C¶n ^^_Áng bÎ vÓi SM-
 []


Underfull \hbox (badness 10000) in paragraph at lines 103--103
[]|\T5/ptm/m/n/11.86258 TÚy chÂn
 []


Underfull \hbox (badness 10000) in paragraph at lines 103--103
[]|\T5/ptm/m/n/11.86258 Vector t‡nh ti∏n
 []


Underfull \hbox (badness 10000) in paragraph at lines 105--105
\T5/ptm/m/n/11.86258 n∏u re-fine-ment
 []


Underfull \hbox (badness 3701) in paragraph at lines 107--107
[]|\T5/ptm/m/n/11.86258 ^^^Î tin c™y t¯ng
 []


Underfull \hbox (badness 1997) in paragraph at lines 107--107
\T5/ptm/m/n/11.86258 khÓp, dÚng trong
 []


Overfull \hbox (28.52235pt too wide) in paragraph at lines 109--109
[]|\T5/pcr/m/n/11.86258 aligned_joints3d| 
 []


Underfull \hbox (badness 7613) in paragraph at lines 109--110
[]|\T5/ptm/m/n/11.86258 DÚng cho con-sis-tency
 []


Overfull \hbox (34.90439pt too wide) in paragraph at lines 111--111
[]|\T5/pcr/m/n/11.86258 consistency_score| 
 []


Underfull \hbox (badness 10000) in paragraph at lines 111--112
[]|\T5/ptm/m/n/11.86258 DÚng ^^_∫ ^^_°nh dßu
 []


Underfull \hbox (badness 10000) in paragraph at lines 113--113
[]|\T5/ptm/m/n/11.86258 ^^^°nh dßu
 []


Underfull \hbox (badness 10000) in paragraph at lines 113--113
\T5/ptm/m/n/11.86258 khÓp/frame nghi
 []


Overfull \hbox (14.28728pt too wide) in paragraph at lines 115--115
[]|\T5/pcr/m/n/11.86258 fused_joints3d| 
 []


Overfull \hbox (27.95293pt too wide) in paragraph at lines 117--117
[]|\T5/pcr/m/n/11.86258 refined_joints3d| 
 []


Underfull \hbox (badness 1102) in paragraph at lines 117--118
[]|\T5/ptm/m/n/11.86258 DÚng cho ^^_°nh gi° v†
 []


Overfull \hbox (65.24493pt too wide) in paragraph at lines 91--120
 [][] 
 []


Underfull \vbox (badness 10000) has occurred while \output is active []

 [19]
Underfull \vbox (badness 2608) has occurred while \output is active []

 [20]
Underfull \vbox (badness 10000) has occurred while \output is active []

 [21]
Underfull \vbox (badness 10000) has occurred while \output is active []

 [22]
Underfull \hbox (badness 4832) in paragraph at lines 204--205
[]|\T5/ptm/b/n/13 Ÿng dˆng trong
 []


Underfull \hbox (badness 6808) in paragraph at lines 206--206
[]|\T5/ptm/m/n/13 Sai kh°c v‡ trΩ
 []


Underfull \hbox (badness 10000) in paragraph at lines 206--206
[]|\T5/ptm/m/n/13 Kho£ng c°ch Eu-
 []


Underfull \hbox (badness 10000) in paragraph at lines 206--206
[]|\T5/ptm/m/n/13 Hai chuÈi
 []


Underfull \hbox (badness 10000) in paragraph at lines 206--207
[]|\T5/ptm/m/n/13 Ph°t hiªn m•u
 []


Underfull \hbox (badness 5771) in paragraph at lines 208--208
[]|\T5/ptm/m/n/13 Ch∂nh lªch ^^_Î d†i
 []


Underfull \hbox (badness 10000) in paragraph at lines 208--208
[]|\T5/ptm/m/n/13 Skeleton v†
 []


Underfull \hbox (badness 10000) in paragraph at lines 210--210
[]|\T5/ptm/m/n/13 Ch∂nh lªch chuy∫n
 []


Underfull \hbox (badness 10000) in paragraph at lines 210--210
[]|\T5/ptm/m/n/13 ChuÈi pose theo
 []


Underfull \hbox (badness 2512) in paragraph at lines 212--212
[]|\T5/ptm/m/n/13 Ch∂nh lªch v™n tËc
 []


Underfull \hbox (badness 10000) in paragraph at lines 212--212
[]|\T5/ptm/m/n/13 ChuÈi pose theo
 []


Underfull \hbox (badness 10000) in paragraph at lines 214--214
[]|\T5/ptm/m/n/13 Sai kh°c SM-
 []


Underfull \hbox (badness 3343) in paragraph at lines 214--215
[]|\T5/ptm/m/n/13 Ki∫m tra s¸ phÚ
 []


Underfull \hbox (badness 10000) in paragraph at lines 216--216
[]|\T5/ptm/m/n/13 Confidence ^^_¶u
 []


Underfull \hbox (badness 2261) in paragraph at lines 216--217
\T5/ptm/m/n/13 ^^_°ng tin c™y hÏn
 []


Overfull \hbox (41.46443pt too wide) in paragraph at lines 202--219
 [][] 
 []


Underfull \vbox (badness 10000) has occurred while \output is active []

 [23]
Underfull \vbox (badness 10000) has occurred while \output is active []

 [24]
Underfull \vbox (badness 10000) has occurred while \output is active []

 [25]
Underfull \vbox (badness 10000) has occurred while \output is active []

 [26]) [27]
Ch\uhorn \ohorn ng 4.
(./Chapters/4_Phan_tich_ly_thuyet.tex
Underfull \vbox (badness 10000) has occurred while \output is active []

 [28

]
Underfull \vbox (badness 10000) has occurred while \output is active []

 [29]
Underfull \vbox (badness 10000) has occurred while \output is active []

 [30]
Underfull \vbox (badness 10000) has occurred while \output is active []

 [31]
Underfull \vbox (badness 10000) has occurred while \output is active []

 [32]
Underfull \vbox (badness 10000) has occurred while \output is active []

 [33]
Underfull \hbox (badness 6380) in paragraph at lines 268--269
[]|\T5/ptm/m/n/13 Chø x≤t tÂa ^^_Î khÓp,
 []


Underfull \hbox (badness 10000) in paragraph at lines 274--274
[]|$\OML/cmm/m/it/13 O\OT1/cmr/m/n/13 (\OML/cmm/m/it/13 WT\OT1/cmr/m/n/13 )$ \T5/ptm/m/n/13 ho∞c
 []


Underfull \hbox (badness 1742) in paragraph at lines 282--282
[]|\T5/ptm/m/n/13 Refinement tr∂n key-
 []


Underfull \hbox (badness 10000) in paragraph at lines 284--284
[]|\T5/ptm/m/n/13 Refinement trong
 []


Underfull \vbox (badness 4156) has occurred while \output is active []

 [34]
Underfull \hbox (badness 4518) in paragraph at lines 309--310
[]|\T5/ptm/b/n/13 Rıi ro n∏u cßu
 []


Underfull \hbox (badness 6625) in paragraph at lines 311--311
[]|\T5/ptm/m/n/13 Gi˙ pose sau hiªu
 []


Underfull \hbox (badness 10000) in paragraph at lines 311--311
[]|\T5/ptm/m/n/13 Tr°nh hiªu
 []


Underfull \hbox (badness 10000) in paragraph at lines 313--313
[]|\T5/ptm/m/n/13 R†ng buÎc thÌi
 []


Underfull \hbox (badness 10000) in paragraph at lines 313--313
[]|\T5/ptm/m/n/13 L†m m˜Òt chuy∫n
 []


Underfull \hbox (badness 2326) in paragraph at lines 313--313
[]|\T5/ptm/m/n/13 Jitter, bi∏n ^^_Íi
 []


Underfull \hbox (badness 4168) in paragraph at lines 313--314
\T5/ptm/m/n/13 mßt chuy∫n ^^_Îng
 []


Underfull \hbox (badness 3547) in paragraph at lines 315--315
[]|\T5/ptm/m/n/13 Sai lªch chi∑u
 []


Underfull \hbox (badness 4454) in paragraph at lines 315--316
[]|\T5/ptm/m/n/13 N∏u ^^_Áng bÎ/c´n
 []


Underfull \hbox (badness 2970) in paragraph at lines 315--316
\T5/ptm/m/n/13 chønh sai, c‚ th∫
 []


Underfull \hbox (badness 1472) in paragraph at lines 317--317
[]|\T5/ptm/m/n/13 R†ng buÎc chi∑u
 []


Underfull \hbox (badness 2285) in paragraph at lines 317--317
[]|\T5/ptm/m/n/13 Duy trº skele-ton Ín
 []


Underfull \hbox (badness 10000) in paragraph at lines 317--317
[]|\T5/ptm/m/n/13 Bi∏n d§ng
 []


Underfull \hbox (badness 10000) in paragraph at lines 317--317
\T5/ptm/m/n/13 chi∑u d†i bßt
 []


Underfull \hbox (badness 1762) in paragraph at lines 317--318
\T5/ptm/m/n/13 tΩnh t¸ nhi∂n cıa
 []


Underfull \hbox (badness 10000) in paragraph at lines 319--319
[]|\T5/ptm/m/n/13 R†ng buÎc g‚c
 []


Underfull \hbox (badness 6204) in paragraph at lines 321--321
\T5/ptm/m/n/13 gi˙a joints v†
 []


Underfull \hbox (badness 1496) in paragraph at lines 321--322
[]|\T5/ptm/m/n/13 T´ng chi phΩ tΩnh
 []


Underfull \hbox (badness 10000) in paragraph at lines 321--322
\T5/ptm/m/n/13 to°n, phˆ thuÎc
 []


Overfull \hbox (24.39261pt too wide) in paragraph at lines 307--324
 [][] 
 []


Underfull \vbox (badness 10000) has occurred while \output is active []

 [35]
Underfull \vbox (badness 2005) has occurred while \output is active []

 [36]) [37]
Ch\uhorn \ohorn ng 5.
(./Chapters/5_Thuc_nghiem.tex
LaTeX Font Info:    Trying to load font information for TS1+ptm on input line 28.
 (/usr/share/texlive/texmf-dist/tex/latex/psnfss/ts1ptm.fd
File: ts1ptm.fd 2001/06/04 font definitions for TS1/ptm.
)
Underfull \vbox (badness 10000) has occurred while \output is active []

 [38

]
Underfull \hbox (badness 10000) in paragraph at lines 55--55
[]|\T5/ptm/m/n/13 MPJPE / PA-
 []


Underfull \hbox (badness 1546) in paragraph at lines 55--55
\T5/ptm/m/n/13 ^^_Î khÓp, tr˜Óc v† sau
 []


Underfull \hbox (badness 1270) in paragraph at lines 57--57
[]|\T5/ptm/m/n/13 T^^[ lª khÓp n¨m trong
 []


Underfull \hbox (badness 1502) in paragraph at lines 61--61
[]|\T5/ptm/m/n/13 M˘c Ín ^^_‡nh cßu trÛc
 []


Underfull \hbox (badness 10000) in paragraph at lines 61--61
\T5/ptm/m/n/13 x˜Ïng trong chuÈi
 []


Underfull \hbox (badness 1028) in paragraph at lines 61--62
[]|\T5/ptm/m/n/13 Skeleton v† pose theo thÌi
 []


Underfull \hbox (badness 10000) in paragraph at lines 63--63
[]|\T5/ptm/m/n/13 Cross-view dis-
 []

[39]
Underfull \vbox (badness 10000) has occurred while \output is active []

 [40]
Underfull \hbox (badness 7397) in paragraph at lines 108--108
[]|\T5/ptm/m/n/13 Baseline monoc-u-
 []


Underfull \hbox (badness 10000) in paragraph at lines 112--112
[]|\T5/ptm/m/n/13 Consistency +
 []


Underfull \hbox (badness 10000) in paragraph at lines 112--112
[]|\T5/ptm/m/n/13 Alignment, con-sis-tency
 []


Underfull \hbox (badness 1661) in paragraph at lines 112--113
[]|\T5/ptm/m/n/13 Kh£ n´ng ph°t hiªn v†
 []


Underfull \vbox (badness 1147) has occurred while \output is active []

 [41]
Underfull \hbox (badness 10000) in paragraph at lines 155--156
[]|\T5/ptm/m/n/13 Sai sË khÓp
 []


Underfull \hbox (badness 10000) in paragraph at lines 157--158
[]|\T5/ptm/m/n/13 Sai sË sau
 []


Underfull \hbox (badness 10000) in paragraph at lines 157--158
\T5/ptm/m/n/13 Pro-crustes
 []


Underfull \hbox (badness 10000) in paragraph at lines 163--163
[]|\T5/ptm/m/n/13 Bone-length vari-
 []


Underfull \hbox (badness 10000) in paragraph at lines 165--165
[]|\T5/ptm/m/n/13 Cross-view dis-
 []


Overfull \hbox (82.74493pt too wide) in paragraph at lines 151--170
 [][] 
 []


Underfull \vbox (badness 10000) has occurred while \output is active []

 [42]
Underfull \vbox (badness 10000) has occurred while \output is active []

 [43]) [44]
Ch\uhorn \ohorn ng 6.
(./Chapters/6_Ket_luan.tex)
Underfull \vbox (badness 10000) has occurred while \output is active []

 [45

] [46] [47

] [48


] [49

] [50] [51

] (build/DoAn.aux)
Package rerunfilecheck Info: File `DoAn.out' has not changed.
(rerunfilecheck)             Checksum: 98C4D2A1CF312702391727F2C6F36607;17422.
Package logreq Info: Writing requests to 'DoAn.run.xml'.
\openout1 = `DoAn.run.xml'.

 ) 
Here is how much of TeX's memory you used:
 26188 strings out of 479662
 455331 string characters out of 5883895
 1208887 words of memory out of 5000000
 43626 multiletter control sequences out of 15000+600000
 523401 words of font info for 92 fonts, out of 8000000 for 9000
 309 hyphenation exceptions out of 8191
 108i,12n,106p,1624b,1795s stack positions out of 5000i,500n,10000p,200000b,80000s
{/usr/share/texlive/texmf-dist/fonts/enc/dvips/base/8r.enc}{/usr/share/texlive/texmf-dist/fonts/enc/dvips/vntex/t5.enc}</usr/share/texlive/texmf-dist/fonts/type1/public/amsfonts/cm/cmex10.pfb></usr/share/texlive/texmf-dist/fonts/type1/public/amsfonts/cm/cmmi10.pfb></usr/share/texlive/texmf-dist/fonts/type1/public/amsfonts/cm/cmmi12.pfb></usr/share/texlive/texmf-dist/fonts/type1/public/amsfonts/cm/cmmi6.pfb></usr/share/texlive/texmf-dist/fonts/type1/public/amsfonts/cm/cmmi9.pfb></usr/share/texlive/texmf-dist/fonts/type1/public/amsfonts/cm/cmr10.pfb></usr/share/texlive/texmf-dist/fonts/type1/public/amsfonts/cm/cmr12.pfb></usr/share/texlive/texmf-dist/fonts/type1/public/amsfonts/cm/cmr6.pfb></usr/share/texlive/texmf-dist/fonts/type1/public/amsfonts/cm/cmr9.pfb></usr/share/texlive/texmf-dist/fonts/type1/public/amsfonts/cm/cmsy10.pfb></usr/share/texlive/texmf-dist/fonts/type1/public/amsfonts/cm/cmsy9.pfb></usr/share/texlive/texmf-dist/fonts/type1/public/amsfonts/symbols/msbm10.pfb></usr/share/texlive/texmf-dist/fonts/type1/vntex/urwvn/ucrr8v.pfb></usr/share/texlive/texmf-dist/fonts/type1/vntex/urwvn/utmb8v.pfb></usr/share/texlive/texmf-dist/fonts/type1/urw/times/utmr8a.pfb></usr/share/texlive/texmf-dist/fonts/type1/vntex/urwvn/utmr8v.pfb></usr/share/texlive/texmf-dist/fonts/type1/vntex/urwvn/utmri8v.pfb>
Output written on build/DoAn.pdf (61 pages, 1952018 bytes).
PDF statistics:
 1247 PDF objects out of 1440 (max. 8388607)
 1060 compressed objects within 11 object streams
 223 named destinations out of 1000 (max. 500000)
 605 words of extra memory for PDF output out of 10000 (max. 10000000)

