\BOOKMARK [0][-]{chapter.1}{\376\377\000G\000I\036\332\000I\000\040\000T\000H\000I\036\306\000U\000\040\001\020\036\300\000\040\000T\000\300\000I}{}% 1
\BOOKMARK [1][-]{section.1.1}{\376\377\001\020\036\267\000t\000\040\000v\036\245\000n\000\040\001\021\036\301}{chapter.1}% 2
\BOOKMARK [1][-]{section.1.2}{\376\377\000C\000\341\000c\000\040\000g\000i\036\243\000i\000\040\000p\000h\000\341\000p\000\040\000h\000i\036\307\000n\000\040\000t\036\241\000i\000\040\000v\000\340\000\040\000h\036\241\000n\000\040\000c\000h\036\277}{chapter.1}% 3
\BOOKMARK [1][-]{section.1.3}{\376\377\000M\036\345\000c\000\040\000t\000i\000\352\000u\000\040\000v\000\340\000\040\001\021\036\313\000n\000h\000\040\000h\001\260\036\333\000n\000g\000\040\000g\000i\036\243\000i\000\040\000p\000h\000\341\000p}{chapter.1}% 4
\BOOKMARK [1][-]{section.1.4}{\376\377\001\020\000\363\000n\000g\000\040\000g\000\363\000p\000\040\000c\036\347\000a\000\040\001\021\036\323\000\040\000\341\000n}{chapter.1}% 5
\BOOKMARK [1][-]{section.1.5}{\376\377\000B\036\321\000\040\000c\036\345\000c\000\040\001\021\036\323\000\040\000\341\000n}{chapter.1}% 6
\BOOKMARK [0][-]{chapter.2}{\376\377\000N\036\300\000N\000\040\000T\036\242\000N\000G\000\040\000L\000\335\000\040\000T\000H\000U\000Y\036\276\000T}{}% 7
\BOOKMARK [1][-]{section.2.1}{\376\377\000N\000g\036\357\000\040\000c\036\243\000n\000h\000\040\000c\036\347\000a\000\040\000b\000\340\000i\000\040\000t\000o\000\341\000n}{chapter.2}% 8
\BOOKMARK [2][-]{subsection.2.1.1}{\376\377\000T\000\341\000i\000\040\000t\036\241\000o\000\040\000c\000h\000u\000y\036\303\000n\000\040\001\021\036\331\000n\000g\000\040\000n\000g\001\260\036\335\000i\000\040\0003\000D}{section.2.1}% 9
\BOOKMARK [2][-]{subsection.2.1.2}{\376\377\001\020\036\267\000c\000\040\001\021\000i\036\303\000m\000\040\000c\036\347\000a\000\040\000m\000o\000n\000o\000c\000u\000l\000a\000r\000\040\0003\000D\000\040\000p\000o\000s\000e\000\040\000e\000s\000t\000i\000m\000a\000t\000i\000o\000n}{section.2.1}% 10
\BOOKMARK [2][-]{subsection.2.1.3}{\376\377\000N\000h\000u\000\040\000c\036\247\000u\000\040\000r\000e\000f\000i\000n\000e\000m\000e\000n\000t\000\040\000h\036\255\000u\000\040\000x\036\355\000\040\000l\000\375}{section.2.1}% 11
\BOOKMARK [1][-]{section.2.2}{\376\377\000C\000\341\000c\000\040\000k\036\277\000t\000\040\000q\000u\036\243\000\040\000n\000g\000h\000i\000\352\000n\000\040\000c\036\351\000u\000\040\000t\001\260\001\241\000n\000g\000\040\000t\036\361}{chapter.2}% 12
\BOOKMARK [2][-]{subsection.2.2.1}{\376\377\000N\000h\000\363\000m\000\040\000p\000h\001\260\001\241\000n\000g\000\040\000p\000h\000\341\000p\000\040\000m\000o\000n\000o\000c\000u\000l\000a\000r\000\040\000h\000u\000m\000a\000n\000\040\000p\000o\000s\000e\000\040\000v\000\340\000\040\000h\000u\000m\000a\000n\000\040\000m\000e\000s\000h\000\040\000r\000e\000c\000o\000v\000e\000r\000y}{section.2.2}% 13
\BOOKMARK [2][-]{subsection.2.2.2}{\376\377\000N\000h\000\363\000m\000\040\000p\000h\001\260\001\241\000n\000g\000\040\000p\000h\000\341\000p\000\040\000f\000i\000t\000t\000i\000n\000g\000\040\000v\000\340\000\040\000l\000e\000a\000r\000n\000e\000d\000\040\000r\000e\000f\000i\000n\000e\000m\000e\000n\000t}{section.2.2}% 14
\BOOKMARK [2][-]{subsection.2.2.3}{\376\377\000N\000h\000\363\000m\000\040\000p\000h\001\260\001\241\000n\000g\000\040\000p\000h\000\341\000p\000\040\001\021\000a\000\040\000g\000\363\000c\000\040\000n\000h\000\354\000n\000\040\000v\000\340\000\040\000k\000h\000\364\000n\000g\000\040\000h\000i\036\307\000u\000\040\000c\000h\036\311\000n\000h\000\040\000c\000h\036\267\000t\000\040\000c\000h\036\275}{section.2.2}% 15
\BOOKMARK [2][-]{subsection.2.2.4}{\376\377\000N\000h\000\363\000m\000\040\000p\000h\001\260\001\241\000n\000g\000\040\000p\000h\000\341\000p\000\040\000v\036\255\000t\000\040\000l\000\375\000,\000\040\001\021\036\331\000n\000g\000\040\000h\036\315\000c\000\040\000v\000\340\000\040\000c\001\241\000\040\000s\000i\000n\000h\000\040\000h\036\315\000c}{section.2.2}% 16
\BOOKMARK [2][-]{subsection.2.2.5}{\376\377\000S\000o\000\040\000s\000\341\000n\000h\000\040\000c\000\341\000c\000\040\000c\000\364\000n\000g\000\040\000t\000r\000\354\000n\000h\000\040\000l\000i\000\352\000n\000\040\000q\000u\000a\000n}{section.2.2}% 17
\BOOKMARK [1][-]{section.2.3}{\376\377\000B\000i\036\303\000u\000\040\000d\000i\036\305\000n\000\040\000p\000o\000s\000e\000\040\0002\000D\000,\000\040\000p\000o\000s\000e\000\040\0003\000D\000\040\000v\000\340\000\040\000s\000k\000e\000l\000e\000t\000o\000n}{chapter.2}% 18
\BOOKMARK [1][-]{section.2.4}{\376\377\000M\000\364\000\040\000h\000\354\000n\000h\000\040\000c\001\241\000\040\000t\000h\036\303\000\040\000t\000h\000a\000m\000\040\000s\036\321\000\040\000S\000M\000P\000L}{chapter.2}% 19
\BOOKMARK [1][-]{section.2.5}{\376\377\000H\036\307\000\040\000t\036\315\000a\000\040\001\021\036\331\000\040\000c\000a\000m\000e\000r\000a\000,\000\040\000h\036\307\000\040\000t\036\315\000a\000\040\001\021\036\331\000\040\000t\000h\036\277\000\040\000g\000i\036\333\000i\000\040\000v\000\340\000\040\000c\001\003\000n\000\040\000c\000h\036\311\000n\000h\000\040\000p\000o\000s\000e}{chapter.2}% 20
\BOOKMARK [1][-]{section.2.6}{\376\377\000N\000h\036\245\000t\000\040\000q\000u\000\341\000n\000\040\001\021\000a\000\040\000g\000\363\000c\000\040\000n\000h\000\354\000n}{chapter.2}% 21
\BOOKMARK [1][-]{section.2.7}{\376\377\000R\000\340\000n\000g\000\040\000b\000u\036\331\000c\000\040\000t\000h\036\335\000i\000\040\000g\000i\000a\000n}{chapter.2}% 22
\BOOKMARK [1][-]{section.2.8}{\376\377\000R\000\340\000n\000g\000\040\000b\000u\036\331\000c\000\040\001\021\036\331\000n\000g\000\040\000h\036\315\000c\000\040\000v\000\340\000\040\000c\001\241\000\040\000s\000i\000n\000h\000\040\000h\036\315\000c}{chapter.2}% 23
\BOOKMARK [1][-]{section.2.9}{\376\377\000C\000\364\000n\000g\000\040\000n\000g\000h\036\307\000\040\000v\000\340\000\040\000t\000h\001\260\000\040\000v\000i\036\307\000n\000\040\000s\036\355\000\040\000d\036\345\000n\000g}{chapter.2}% 24
\BOOKMARK [2][-]{subsection.2.9.1}{\376\377\000W\000H\000A\000M}{section.2.9}% 25
\BOOKMARK [2][-]{subsection.2.9.2}{\376\377\000S\000M\000P\000L\000\040\000v\000\340\000\040\000S\000M\000P\000L\000i\000f\000y}{section.2.9}% 26
\BOOKMARK [2][-]{subsection.2.9.3}{\376\377\000O\000p\000e\000n\000S\000i\000m\000\040\000v\000\340\000\040\000c\000\341\000c\000\040\000m\000\364\000\040\000h\000\354\000n\000h\000\040\000c\001\241\000\040\000s\000i\000n\000h\000\040\000h\036\315\000c}{section.2.9}% 27
\BOOKMARK [2][-]{subsection.2.9.4}{\376\377\000L\000e\000a\000r\000n\000a\000b\000l\000e\000\040\000S\000M\000P\000L\000i\000f\000y}{section.2.9}% 28
\BOOKMARK [0][-]{chapter.3}{\376\377\000P\000H\001\257\001\240\000N\000G\000\040\000P\000H\000\301\000P\000\040\001\020\036\300\000\040\000X\000U\036\244\000T}{}% 29
\BOOKMARK [1][-]{section.3.1}{\376\377\000T\036\325\000n\000g\000\040\000q\000u\000a\000n\000\040\000g\000i\036\243\000i\000\040\000p\000h\000\341\000p}{chapter.3}% 30
\BOOKMARK [1][-]{section.3.2}{\376\377\000M\000\364\000\040\000h\000\354\000n\000h\000\040\000h\000\363\000a\000\040\000b\000\340\000i\000\040\000t\000o\000\341\000n\000\040\000v\000\340\000\040\000b\000i\036\303\000u\000\040\000d\000i\036\305\000n\000\040\000d\036\357\000\040\000l\000i\036\307\000u}{chapter.3}% 31
\BOOKMARK [1][-]{section.3.3}{\376\377\000M\000o\000d\000u\000l\000e\000\040\0001\000:\000\040\000N\036\241\000p\000\040\000d\036\357\000\040\000l\000i\036\307\000u\000\040\000v\000\340\000\040\000k\000i\036\303\000m\000\040\000t\000r\000a\000\040\001\021\036\247\000u\000\040\000v\000\340\000o}{chapter.3}% 32
\BOOKMARK [1][-]{section.3.4}{\376\377\000M\000o\000d\000u\000l\000e\000\040\0002\000:\000\040\001\020\036\323\000n\000g\000\040\000b\036\331\000\040\000t\000h\036\335\000i\000\040\000g\000i\000a\000n\000\040\000g\000i\036\357\000a\000\040\000h\000a\000i\000\040\000c\000h\000u\036\327\000i\000\040\000p\000o\000s\000e}{chapter.3}% 33
\BOOKMARK [1][-]{section.3.5}{\376\377\000M\000o\000d\000u\000l\000e\000\040\0003\000:\000\040\000C\001\003\000n\000\040\000c\000h\036\311\000n\000h\000\040\000p\000o\000s\000e\000\040\000v\036\301\000\040\000k\000h\000\364\000n\000g\000\040\000g\000i\000a\000n\000\040\000s\000o\000\040\000s\000\341\000n\000h\000\040\000c\000h\000u\000n\000g}{chapter.3}% 34
\BOOKMARK [1][-]{section.3.6}{\376\377\000M\000o\000d\000u\000l\000e\000\040\0004\000:\000\040\000K\000i\036\303\000m\000\040\000t\000r\000a\000\040\000n\000h\036\245\000t\000\040\000q\000u\000\341\000n\000\040\001\021\000a\000\040\000g\000\363\000c\000\040\000n\000h\000\354\000n}{chapter.3}% 35
\BOOKMARK [1][-]{section.3.7}{\376\377\000M\000o\000d\000u\000l\000e\000\040\0005\000:\000\040\000P\000h\000\342\000n\000\040\000x\036\355\000\040\000v\000\340\000\040\000h\036\343\000p\000\040\000n\000h\036\245\000t\000\040\000p\000o\000s\000e}{chapter.3}% 36
\BOOKMARK [1][-]{section.3.8}{\376\377\000M\000o\000d\000u\000l\000e\000\040\0006\000:\000\040\000H\000i\036\307\000u\000\040\000c\000h\036\311\000n\000h\000\040\000p\000o\000s\000e\000\040\000b\036\261\000n\000g\000\040\000r\000\340\000n\000g\000\040\000b\000u\036\331\000c\000\040\000t\000h\036\335\000i\000\040\000g\000i\000a\000n\000\040\000v\000\340\000\040\001\021\036\331\000n\000g\000\040\000h\036\315\000c}{chapter.3}% 37
\BOOKMARK [1][-]{section.3.9}{\376\377\001\020\000\341\000n\000h\000\040\000g\000i\000\341\000\040\000p\000h\001\260\001\241\000n\000g\000\040\000p\000h\000\341\000p\000\040\001\021\036\301\000\040\000x\000u\036\245\000t}{chapter.3}% 38
\BOOKMARK [1][-]{section.3.10}{\376\377\000K\036\277\000t\000\040\000c\000h\001\260\001\241\000n\000g}{chapter.3}% 39
\BOOKMARK [0][-]{chapter.4}{\376\377\000P\000H\000\302\000N\000\040\000T\000\315\000C\000H\000\040\000L\000\335\000\040\000T\000H\000U\000Y\036\276\000T}{}% 40
\BOOKMARK [1][-]{section.4.1}{\376\377\000M\000\364\000\040\000h\000\354\000n\000h\000\040\000h\000\363\000a\000\040\000b\000\340\000i\000\040\000t\000o\000\341\000n\000\040\000r\000e\000f\000i\000n\000e\000m\000e\000n\000t\000\040\000h\036\255\000u\000\040\000x\036\355\000\040\000l\000\375}{chapter.4}% 41
\BOOKMARK [1][-]{section.4.2}{\376\377\000P\000h\000\342\000n\000\040\000t\000\355\000c\000h\000\040\000r\000\340\000n\000g\000\040\000b\000u\036\331\000c\000\040\000d\036\357\000\040\000l\000i\036\307\000u}{chapter.4}% 42
\BOOKMARK [1][-]{section.4.3}{\376\377\000P\000h\000\342\000n\000\040\000t\000\355\000c\000h\000\040\000r\000\340\000n\000g\000\040\000b\000u\036\331\000c\000\040\000n\000h\036\245\000t\000\040\000q\000u\000\341\000n\000\040\000t\000h\000e\000o\000\040\000t\000h\036\335\000i\000\040\000g\000i\000a\000n}{chapter.4}% 43
\BOOKMARK [1][-]{section.4.4}{\376\377\000P\000h\000\342\000n\000\040\000t\000\355\000c\000h\000\040\000r\000\340\000n\000g\000\040\000b\000u\036\331\000c\000\040\000n\000h\036\245\000t\000\040\000q\000u\000\341\000n\000\040\001\021\000a\000\040\000g\000\363\000c\000\040\000n\000h\000\354\000n}{chapter.4}% 44
\BOOKMARK [1][-]{section.4.5}{\376\377\000P\000h\000\342\000n\000\040\000t\000\355\000c\000h\000\040\000c\001\241\000\040\000c\000h\036\277\000\040\000p\000h\000\342\000n\000\040\000x\036\355\000\040\000v\000\340\000\040\000h\036\343\000p\000\040\000n\000h\036\245\000t\000\040\000p\000o\000s\000e}{chapter.4}% 45
\BOOKMARK [1][-]{section.4.6}{\376\377\000P\000h\000\342\000n\000\040\000t\000\355\000c\000h\000\040\000r\000\340\000n\000g\000\040\000b\000u\036\331\000c\000\040\001\021\036\331\000n\000g\000\040\000h\036\315\000c\000\040\000v\000\340\000\040\000c\001\241\000\040\000s\000i\000n\000h\000\040\000h\036\315\000c}{chapter.4}% 46
\BOOKMARK [1][-]{section.4.7}{\376\377\000P\000h\000\342\000n\000\040\000t\000\355\000c\000h\000\040\000v\000a\000i\000\040\000t\000r\000\362\000\040\000c\036\347\000a\000\040\000S\000M\000P\000L\000\040\000v\000\340\000\040\000L\000e\000a\000r\000n\000a\000b\000l\000e\000-\000S\000M\000P\000L\000i\000f\000y}{chapter.4}% 47
\BOOKMARK [1][-]{section.4.8}{\376\377\000P\000h\000\342\000n\000\040\000t\000\355\000c\000h\000\040\001\021\036\331\000\040\000p\000h\036\351\000c\000\040\000t\036\241\000p\000\040\000t\000\355\000n\000h\000\040\000t\000o\000\341\000n\000\040\000c\036\347\000a\000\040\000p\000i\000p\000e\000l\000i\000n\000e}{chapter.4}% 48
\BOOKMARK [1][-]{section.4.9}{\376\377\000N\000h\036\255\000n\000\040\000x\000\351\000t\000\040\000v\036\301\000\040\000v\000a\000i\000\040\000t\000r\000\362\000\040\000c\036\347\000a\000\040\000c\000\341\000c\000\040\000t\000h\000\340\000n\000h\000\040\000p\000h\036\247\000n\000\040\000t\000r\000o\000n\000g\000\040\000p\000i\000p\000e\000l\000i\000n\000e}{chapter.4}% 49
\BOOKMARK [1][-]{section.4.10}{\376\377\000K\036\277\000t\000\040\000c\000h\001\260\001\241\000n\000g}{chapter.4}% 50
\BOOKMARK [0][-]{chapter.5}{\376\377\001\020\000\301\000N\000H\000\040\000G\000I\000\301\000\040\000T\000H\036\360\000C\000\040\000N\000G\000H\000I\036\306\000M}{}% 51
\BOOKMARK [1][-]{section.5.1}{\376\377\000C\000\341\000c\000\040\000t\000h\000a\000m\000\040\000s\036\321\000\040\001\021\000\341\000n\000h\000\040\000g\000i\000\341}{chapter.5}% 52
\BOOKMARK [2][-]{subsection.5.1.1}{\376\377\000M\000P\000J\000P\000E}{section.5.1}% 53
\BOOKMARK [2][-]{subsection.5.1.2}{\376\377\000P\000A\000-\000M\000P\000J\000P\000E}{section.5.1}% 54
\BOOKMARK [2][-]{subsection.5.1.3}{\376\377\000P\000C\000K}{section.5.1}% 55
\BOOKMARK [1][-]{section.5.2}{\376\377\000P\000h\001\260\001\241\000n\000g\000\040\000p\000h\000\341\000p\000\040\000t\000h\000\355\000\040\000n\000g\000h\000i\036\307\000m}{chapter.5}% 56
\BOOKMARK [2][-]{subsection.5.2.1}{\376\377\000T\036\255\000p\000\040\000d\036\357\000\040\000l\000i\036\307\000u\000\040\000s\036\355\000\040\000d\036\345\000n\000g}{section.5.2}% 57
\BOOKMARK [2][-]{subsection.5.2.2}{\376\377\000P\000i\000p\000e\000l\000i\000n\000e\000\040\000t\000h\036\361\000c\000\040\000n\000g\000h\000i\036\307\000m}{section.5.2}% 58
\BOOKMARK [2][-]{subsection.5.2.3}{\376\377\000C\000\341\000c\000\040\000b\000a\000s\000e\000l\000i\000n\000e\000\040\000s\036\355\000\040\000d\036\345\000n\000g\000\040\001\021\036\303\000\040\000s\000o\000\040\000s\000\341\000n\000h}{section.5.2}% 59
\BOOKMARK [2][-]{subsection.5.2.4}{\376\377\000T\000i\036\301\000n\000\040\000x\036\355\000\040\000l\000\375\000\040\000d\036\357\000\040\000l\000i\036\307\000u}{section.5.2}% 60
\BOOKMARK [2][-]{subsection.5.2.5}{\376\377\000T\000h\000i\036\277\000t\000\040\000l\036\255\000p\000\040\001\021\000\341\000n\000h\000\040\000g\000i\000\341}{section.5.2}% 61
\BOOKMARK [1][-]{section.5.3}{\376\377\001\020\000\341\000n\000h\000\040\000g\000i\000\341\000\040\001\021\036\331\000\040\000c\000h\000\355\000n\000h\000\040\000x\000\341\000c\000\040\000p\000o\000s\000e\000\040\000r\000e\000c\000o\000n\000s\000t\000r\000u\000c\000t\000i\000o\000n}{chapter.5}% 62
\BOOKMARK [2][-]{subsection.5.3.1}{\376\377\000S\000o\000\040\000s\000\341\000n\000h\000\040\000t\000r\001\260\036\333\000c\000\040\000v\000\340\000\040\000s\000a\000u\000\040\000h\036\307\000\040\000t\000h\036\321\000n\000g}{section.5.3}% 63
\BOOKMARK [2][-]{subsection.5.3.2}{\376\377\001\020\000\341\000n\000h\000\040\000g\000i\000\341\000\040\000t\000r\000\352\000n\000\040\000c\000\341\000c\000\040\000c\000h\000u\000y\036\303\000n\000\040\001\021\036\331\000n\000g\000\040\000p\000h\036\351\000c\000\040\000t\036\241\000p}{section.5.3}% 64
\BOOKMARK [1][-]{section.5.4}{\376\377\001\020\000\341\000n\000h\000\040\000g\000i\000\341\000\040\036\243\000n\000h\000\040\000h\001\260\036\337\000n\000g\000\040\000c\036\347\000a\000\040\000t\036\353\000n\000g\000\040\000t\000h\000\340\000n\000h\000\040\000p\000h\036\247\000n\000\040\000r\000e\000f\000i\000n\000e\000m\000e\000n\000t}{chapter.5}% 65
\BOOKMARK [2][-]{subsection.5.4.1}{\376\377\036\242\000n\000h\000\040\000h\001\260\036\337\000n\000g\000\040\000c\036\347\000a\000\040\000t\000e\000m\000p\000o\000r\000a\000l\000\040\000s\000m\000o\000o\000t\000h\000i\000n\000g}{section.5.4}% 66
\BOOKMARK [2][-]{subsection.5.4.2}{\376\377\036\242\000n\000h\000\040\000h\001\260\036\337\000n\000g\000\040\000c\036\347\000a\000\040\000m\000u\000l\000t\000i\000-\000v\000i\000e\000w\000\040\000r\000e\000f\000i\000n\000e\000m\000e\000n\000t}{section.5.4}% 67
\BOOKMARK [2][-]{subsection.5.4.3}{\376\377\036\242\000n\000h\000\040\000h\001\260\036\337\000n\000g\000\040\000c\036\347\000a\000\040\000c\000\341\000c\000\040\000r\000\340\000n\000g\000\040\000b\000u\036\331\000c\000\040\000c\001\241\000\040\000s\000i\000n\000h\000\040\000h\036\315\000c}{section.5.4}% 68
\BOOKMARK [1][-]{section.5.5}{\376\377\001\020\000\341\000n\000h\000\040\000g\000i\000\341\000\040\000k\000h\036\243\000\040\000n\001\003\000n\000g\000\040\000t\000r\000i\036\303\000n\000\040\000k\000h\000a\000i\000\040\000t\000h\036\361\000c\000\040\000t\036\277}{chapter.5}% 69
\BOOKMARK [0][-]{chapter.6}{\376\377\000K\036\276\000T\000\040\000L\000U\036\254\000N}{}% 70
\BOOKMARK [1][-]{section.6.1}{\376\377\000K\036\277\000t\000\040\000l\000u\036\255\000n}{chapter.6}% 71
\BOOKMARK [1][-]{section.6.2}{\376\377\000H\001\260\036\333\000n\000g\000\040\000p\000h\000\341\000t\000\040\000t\000r\000i\036\303\000n\000\040\000t\000r\000o\000n\000g\000\040\000t\001\260\001\241\000n\000g\000\040\000l\000a\000i}{chapter.6}% 72
\BOOKMARK [0][-]{section*.20}{\376\377\000T\000\300\000I\000\040\000L\000I\036\306\000U\000\040\000T\000H\000A\000M\000\040\000K\000H\036\242\000O}{}% 73
